Component: ARM Compiler 6.16 Tool: armlink [5dfeaa00]

==============================================================================

Section Cross References

    startup_stm32f103x6.o(STACK) refers (Special) to heapauxi.o(.text) for __use_two_region_memory
    startup_stm32f103x6.o(HEAP) refers (Special) to heapauxi.o(.text) for __use_two_region_memory
    startup_stm32f103x6.o(RESET) refers (Special) to heapauxi.o(.text) for __use_two_region_memory
    startup_stm32f103x6.o(RESET) refers to startup_stm32f103x6.o(STACK) for __initial_sp
    startup_stm32f103x6.o(RESET) refers to startup_stm32f103x6.o(.text) for Reset_Handler
    startup_stm32f103x6.o(RESET) refers to stm32f1xx_it.o(.text.NMI_Handler) for NMI_Handler
    startup_stm32f103x6.o(RESET) refers to stm32f1xx_it.o(.text.HardFault_Handler) for HardFault_Handler
    startup_stm32f103x6.o(RESET) refers to stm32f1xx_it.o(.text.MemManage_Handler) for MemManage_Handler
    startup_stm32f103x6.o(RESET) refers to stm32f1xx_it.o(.text.BusFault_Handler) for BusFault_Handler
    startup_stm32f103x6.o(RESET) refers to stm32f1xx_it.o(.text.UsageFault_Handler) for UsageFault_Handler
    startup_stm32f103x6.o(RESET) refers to stm32f1xx_it.o(.text.SVC_Handler) for SVC_Handler
    startup_stm32f103x6.o(RESET) refers to stm32f1xx_it.o(.text.DebugMon_Handler) for DebugMon_Handler
    startup_stm32f103x6.o(RESET) refers to stm32f1xx_it.o(.text.PendSV_Handler) for PendSV_Handler
    startup_stm32f103x6.o(RESET) refers to stm32f1xx_it.o(.text.SysTick_Handler) for SysTick_Handler
    startup_stm32f103x6.o(RESET) refers to stm32f1xx_it.o(.text.RTC_IRQHandler) for RTC_IRQHandler
    startup_stm32f103x6.o(RESET) refers to stm32f1xx_it.o(.text.RTC_Alarm_IRQHandler) for RTC_Alarm_IRQHandler
    startup_stm32f103x6.o(.text) refers (Special) to heapauxi.o(.text) for __use_two_region_memory
    startup_stm32f103x6.o(.text) refers to system_stm32f1xx.o(.text.SystemInit) for SystemInit
    startup_stm32f103x6.o(.text) refers to __main.o(!!!main) for __main
    startup_stm32f103x6.o(.text) refers to startup_stm32f103x6.o(HEAP) for Heap_Mem
    startup_stm32f103x6.o(.text) refers to startup_stm32f103x6.o(STACK) for Stack_Mem
    main.o(.text) refers (Special) to _printf_d.o(.ARM.Collect$$_printf_percent$$00000009) for _printf_d
    main.o(.text) refers (Special) to _printf_dec.o(.text) for _printf_int_dec
    main.o(.text) refers (Special) to _printf_percent.o(.ARM.Collect$$_printf_percent$$00000000) for _printf_percent
    main.o(.text) refers (Special) to _printf_pad.o(.text) for _printf_pre_padding
    main.o(.text) refers (Special) to _printf_s.o(.ARM.Collect$$_printf_percent$$00000014) for _printf_s
    main.o(.text) refers (Special) to _printf_str.o(.text) for _printf_str
    main.o(.text) refers (Special) to _printf_u.o(.ARM.Collect$$_printf_percent$$0000000A) for _printf_u
    main.o(.text) refers (Special) to _scanf_int.o(.text) for _scanf_int
    main.o(.text.uart1_send_str) refers (Special) to _printf_d.o(.ARM.Collect$$_printf_percent$$00000009) for _printf_d
    main.o(.text.uart1_send_str) refers (Special) to _printf_dec.o(.text) for _printf_int_dec
    main.o(.text.uart1_send_str) refers (Special) to _printf_percent.o(.ARM.Collect$$_printf_percent$$00000000) for _printf_percent
    main.o(.text.uart1_send_str) refers (Special) to _printf_pad.o(.text) for _printf_pre_padding
    main.o(.text.uart1_send_str) refers (Special) to _printf_s.o(.ARM.Collect$$_printf_percent$$00000014) for _printf_s
    main.o(.text.uart1_send_str) refers (Special) to _printf_str.o(.text) for _printf_str
    main.o(.text.uart1_send_str) refers (Special) to _printf_u.o(.ARM.Collect$$_printf_percent$$0000000A) for _printf_u
    main.o(.text.uart1_send_str) refers (Special) to _scanf_int.o(.text) for _scanf_int
    main.o(.text.uart1_send_str) refers to strlen.o(.text) for strlen
    main.o(.text.uart1_send_str) refers to usart.o(.bss.huart1) for huart1
    main.o(.text.uart1_send_str) refers to stm32f1xx_hal_uart.o(.text.HAL_UART_Transmit) for HAL_UART_Transmit
    main.o(.ARM.exidx.text.uart1_send_str) refers (Special) to _printf_d.o(.ARM.Collect$$_printf_percent$$00000009) for _printf_d
    main.o(.ARM.exidx.text.uart1_send_str) refers (Special) to _printf_dec.o(.text) for _printf_int_dec
    main.o(.ARM.exidx.text.uart1_send_str) refers (Special) to _printf_percent.o(.ARM.Collect$$_printf_percent$$00000000) for _printf_percent
    main.o(.ARM.exidx.text.uart1_send_str) refers (Special) to _printf_pad.o(.text) for _printf_pre_padding
    main.o(.ARM.exidx.text.uart1_send_str) refers (Special) to _printf_s.o(.ARM.Collect$$_printf_percent$$00000014) for _printf_s
    main.o(.ARM.exidx.text.uart1_send_str) refers (Special) to _printf_str.o(.text) for _printf_str
    main.o(.ARM.exidx.text.uart1_send_str) refers (Special) to _printf_u.o(.ARM.Collect$$_printf_percent$$0000000A) for _printf_u
    main.o(.ARM.exidx.text.uart1_send_str) refers (Special) to _scanf_int.o(.text) for _scanf_int
[...]
    ../clib/printf_percent.s                 0x00000000   Number         0  _printf_d.o ABSOLUTE
    ../clib/printf_percent.s                 0x00000000   Number         0  _printf_u.o ABSOLUTE
    ../clib/printf_percent.s                 0x00000000   Number         0  _printf_percent.o ABSOLUTE
    ../clib/printf_percent.s                 0x00000000   Number         0  _printf_percent_end.o ABSOLUTE
    ../clib/scanf.c                          0x00000000   Number         0  __0sscanf.o ABSOLUTE
    ../clib/scanf.c                          0x00000000   Number         0  _scanf_int.o ABSOLUTE
    ../clib/scanf.c                          0x00000000   Number         0  _chval.o ABSOLUTE
    ../clib/scanf.c                          0x00000000   Number         0  scanf_char.o ABSOLUTE
    ../clib/scanf.c                          0x00000000   Number         0  _sgetc.o ABSOLUTE
    ../clib/scanf.c                          0x00000000   Number         0  _scanf.o ABSOLUTE
    ../clib/signal.c                         0x00000000   Number         0  defsig_rtmem_outer.o ABSOLUTE
    ../clib/signal.c                         0x00000000   Number         0  defsig_rtmem_formal.o ABSOLUTE
    ../clib/signal.c                         0x00000000   Number         0  defsig_exit.o ABSOLUTE
    ../clib/signal.c                         0x00000000   Number         0  defsig_rtmem_inner.o ABSOLUTE
    ../clib/signal.c                         0x00000000   Number         0  __raise.o ABSOLUTE
    ../clib/signal.c                         0x00000000   Number         0  defsig_general.o ABSOLUTE
    ../clib/signal.c                         0x00000000   Number         0  defsig_abrt_inner.o ABSOLUTE
    ../clib/signal.c                         0x00000000   Number         0  defsig_fpe_inner.o ABSOLUTE
    ../clib/signal.c                         0x00000000   Number         0  defsig_rtred_inner.o ABSOLUTE
    ../clib/signal.c                         0x00000000   Number         0  defsig_stak_inner.o ABSOLUTE
    ../clib/signal.c                         0x00000000   Number         0  defsig_pvfn_inner.o ABSOLUTE
    ../clib/signal.c                         0x00000000   Number         0  defsig_cppl_inner.o ABSOLUTE
    ../clib/signal.c                         0x00000000   Number         0  defsig_segv_inner.o ABSOLUTE
    ../clib/signal.c                         0x00000000   Number         0  defsig_other.o ABSOLUTE
    ../clib/signal.s                         0x00000000   Number         0  defsig.o ABSOLUTE
    ../clib/stdlib.c                         0x00000000   Number         0  exit.o ABSOLUTE
    ../clib/string.c                         0x00000000   Number         0  strstr.o ABSOLUTE
    ../clib/string.c                         0x00000000   Number         0  strncasecmp.o ABSOLUTE
    ../clib/string.c                         0x00000000   Number         0  strlen.o ABSOLUTE
    ../fplib/fpinit.s                        0x00000000   Number         0  fpinit.o ABSOLUTE
    ../fplib/fpinit_empty.s                  0x00000000   Number         0  fpinit_empty.o ABSOLUTE
    dc.s                                     0x00000000   Number         0  dc.o ABSOLUTE
    gpio.c                                   0x00000000   Number         0  gpio.o ABSOLUTE
    iwdg.c                                   0x00000000   Number         0  iwdg.o ABSOLUTE
    main.c                                   0x00000000   Number         0  main.o ABSOLUTE
    rtc.c                                    0x00000000   Number         0  rtc.o ABSOLUTE
    startup_stm32f103x6.s                    0x00000000   Number         0  startup_stm32f103x6.o ABSOLUTE
    stm32f1xx_hal.c                          0x00000000   Number         0  stm32f1xx_hal.o ABSOLUTE
    stm32f1xx_hal_cortex.c                   0x00000000   Number         0  stm32f1xx_hal_cortex.o ABSOLUTE
    stm32f1xx_hal_dma.c                      0x00000000   Number         0  stm32f1xx_hal_dma.o ABSOLUTE
    stm32f1xx_hal_exti.c                     0x00000000   Number         0  stm32f1xx_hal_exti.o ABSOLUTE
    stm32f1xx_hal_flash.c                    0x00000000   Number         0  stm32f1xx_hal_flash.o ABSOLUTE
    stm32f1xx_hal_flash_ex.c                 0x00000000   Number         0  stm32f1xx_hal_flash_ex.o ABSOLUTE
    stm32f1xx_hal_gpio.c                     0x00000000   Number         0  stm32f1xx_hal_gpio.o ABSOLUTE
    stm32f1xx_hal_gpio_ex.c                  0x00000000   Number         0  stm32f1xx_hal_gpio_ex.o ABSOLUTE
    stm32f1xx_hal_iwdg.c                     0x00000000   Number         0  stm32f1xx_hal_iwdg.o ABSOLUTE
    stm32f1xx_hal_msp.c                      0x00000000   Number         0  stm32f1xx_hal_msp.o ABSOLUTE
    stm32f1xx_hal_pwr.c                      0x00000000   Number         0  stm32f1xx_hal_pwr.o ABSOLUTE
    stm32f1xx_hal_rcc.c                      0x00000000   Number         0  stm32f1xx_hal_rcc.o ABSOLUTE
    stm32f1xx_hal_rcc_ex.c                   0x00000000   Number         0  stm32f1xx_hal_rcc_ex.o ABSOLUTE
    stm32f1xx_hal_rtc.c                      0x00000000   Number         0  stm32f1xx_hal_rtc.o ABSOLUTE
    stm32f1xx_hal_rtc_ex.c                   0x00000000   Number         0  stm32f1xx_hal_rtc_ex.o ABSOLUTE
    stm32f1xx_hal_uart.c                     0x00000000   Number         0  stm32f1xx_hal_uart.o ABSOLUTE
    stm32f1xx_it.c                           0x00000000   Number         0  stm32f1xx_it.o ABSOLUTE
    system_stm32f1xx.c                       0x00000000   Number         0  system_stm32f1xx.o ABSOLUTE
    usart.c                                  0x00000000   Number         0  usart.o ABSOLUTE
    RESET                                    0x08000000   Section      236  startup_stm32f103x6.o(RESET)
    !!!main                                  0x080000ec   Section        8  __main.o(!!!main)
    !!!scatter                               0x080000f4   Section       52  __scatter.o(!!!scatter)
    !!handler_copy                           0x08000128   Section       26  __scatter_copy.o(!!handler_copy)
    !!handler_zi                             0x08000144   Section       28  __scatter_zi.o(!!handler_zi)
    .ARM.Collect$$_printf_percent$$00000000  0x08000160   Section        0  _printf_percent.o(.ARM.Collect$$_printf_percent$$00000000)
    .ARM.Collect$$_printf_percent$$00000009  0x08000160   Section        6  _printf_d.o(.ARM.Collect$$_printf_percent$$00000009)
    .ARM.Collect$$_printf_percent$$0000000A  0x08000166   Section        6  _printf_u.o(.ARM.Collect$$_printf_percent$$0000000A)
    .ARM.Collect$$_printf_percent$$0000000C  0x0800016c   Section        6  _printf_x.o(.ARM.Collect$$_printf_percent$$0000000C)
    .ARM.Collect$$_printf_percent$$00000014  0x08000172   Section        6  _printf_s.o(.ARM.Collect$$_printf_percent$$00000014)
    .ARM.Collect$$_printf_percent$$00000017  0x08000178   Section        4  _printf_percent_end.o(.ARM.Collect$$_printf_percent$$00000017)
    .ARM.Collect$$libinit$$00000000          0x0800017c   Section        2  libinit.o(.ARM.Collect$$libinit$$00000000)
    .ARM.Collect$$libinit$$00000002          0x0800017e   Section        0  libinit2.o(.ARM.Collect$$libinit$$00000002)
    .ARM.Collect$$libinit$$00000004          0x0800017e   Section        0  libinit2.o(.ARM.Collect$$libinit$$00000004)
    .ARM.Collect$$libinit$$0000000A          0x0800017e   Section        0  libinit2.o(.ARM.Collect$$libinit$$0000000A)
    .ARM.Collect$$libinit$$0000000C          0x0800017e   Section        0  libinit2.o(.ARM.Collect$$libinit$$0000000C)
    .ARM.Collect$$libinit$$0000000E          0x0800017e   Section        0  libinit2.o(.ARM.Collect$$libinit$$0000000E)
    .ARM.Collect$$libinit$$0000000F          0x0800017e   Section        6  libinit2.o(.ARM.Collect$$libinit$$0000000F)
    .ARM.Collect$$libinit$$00000011          0x08000184   Section        0  libinit2.o(.ARM.Collect$$libinit$$00000011)
    .ARM.Collect$$libinit$$00000012          0x08000184   Section       12  libinit2.o(.ARM.Collect$$libinit$$00000012)
    .ARM.Collect$$libinit$$00000013          0x08000190   Section        0  libinit2.o(.ARM.Collect$$libinit$$00000013)
    .ARM.Collect$$libinit$$00000015          0x08000190   Section        0  libinit2.o(.ARM.Collect$$libinit$$00000015)
    .ARM.Collect$$libinit$$00000017          0x08000190   Section        0  libinit2.o(.ARM.Collect$$libinit$$00000017)
    .ARM.Collect$$libinit$$00000019          0x08000190   Section        0  libinit2.o(.ARM.Collect$$libinit$$00000019)
    .ARM.Collect$$libinit$$0000001B          0x08000190   Section        0  libinit2.o(.ARM.Collect$$libinit$$0000001B)
    .ARM.Collect$$libinit$$0000001D          0x08000190   Section        0  libinit2.o(.ARM.Collect$$libinit$$0000001D)
    .ARM.Collect$$libinit$$0000001F          0x08000190   Section        0  libinit2.o(.ARM.Collect$$libinit$$0000001F)
    .ARM.Collect$$libinit$$00000021          0x08000190   Section        0  libinit2.o(.ARM.Collect$$libinit$$00000021)
    .ARM.Collect$$libinit$$00000023          0x08000190   Section        0  libinit2.o(.ARM.Collect$$libinit$$00000023)
    .ARM.Collect$$libinit$$00000025          0x08000190   Section        0  libinit2.o(.ARM.Collect$$libinit$$00000025)
    .ARM.Collect$$libinit$$0000002C          0x08000190   Section        0  libinit2.o(.ARM.Collect$$libinit$$0000002C)
    .ARM.Collect$$libinit$$0000002E          0x08000190   Section        0  libinit2.o(.ARM.Collect$$libinit$$0000002E)
    .ARM.Collect$$libinit$$00000030          0x08000190   Section        0  libinit2.o(.ARM.Collect$$libinit$$00000030)
    .ARM.Collect$$libinit$$00000032          0x08000190   Section        0  libinit2.o(.ARM.Collect$$libinit$$00000032)
    .ARM.Collect$$libinit$$00000033          0x08000190   Section        2  libinit2.o(.ARM.Collect$$libinit$$00000033)
    .ARM.Collect$$libshutdown$$00000000      0x08000192   Section        2  libshutdown.o(.ARM.Collect$$libshutdown$$00000000)
    .ARM.Collect$$libshutdown$$00000002      0x08000194   Section        0  libshutdown2.o(.ARM.Collect$$libshutdown$$00000002)
    .ARM.Collect$$libshutdown$$00000004      0x08000194   Section        0  libshutdown2.o(.ARM.Collect$$libshutdown$$00000004)
    .ARM.Collect$$libshutdown$$00000007      0x08000194   Section        0  libshutdown2.o(.ARM.Collect$$libshutdown$$00000007)
    .ARM.Collect$$libshutdown$$0000000A      0x08000194   Section        0  libshutdown2.o(.ARM.Collect$$libshutdown$$0000000A)
    .ARM.Collect$$libshutdown$$0000000C      0x08000194   Section        0  libshutdown2.o(.ARM.Collect$$libshutdown$$0000000C)
    .ARM.Collect$$libshutdown$$0000000F      0x08000194   Section        0  libshutdown2.o(.ARM.Collect$$libshutdown$$0000000F)
    .ARM.Collect$$libshutdown$$00000010      0x08000194   Section        2  libshutdown2.o(.ARM.Collect$$libshutdown$$00000010)
    .ARM.Collect$$rtentry$$00000000          0x08000196   Section        0  __rtentry.o(.ARM.Collect$$rtentry$$00000000)
    .ARM.Collect$$rtentry$$00000002          0x08000196   Section        0  __rtentry2.o(.ARM.Collect$$rtentry$$00000002)
    .ARM.Collect$$rtentry$$00000004          0x08000196   Section        6  __rtentry4.o(.ARM.Collect$$rtentry$$00000004)
    .ARM.Collect$$rtentry$$00000009          0x0800019c   Section        0  __rtentry2.o(.ARM.Collect$$rtentry$$00000009)
    .ARM.Collect$$rtentry$$0000000A          0x0800019c   Section        4  __rtentry2.o(.ARM.Collect$$rtentry$$0000000A)
    .ARM.Collect$$rtentry$$0000000C          0x080001a0   Section        0  __rtentry2.o(.ARM.Collect$$rtentry$$0000000C)
    .ARM.Collect$$rtentry$$0000000D          0x080001a0   Section        8  __rtentry2.o(.ARM.Collect$$rtentry$$0000000D)
    .ARM.Collect$$rtexit$$00000000           0x080001a8   Section        2  rtexit.o(.ARM.Collect$$rtexit$$00000000)
    .ARM.Collect$$rtexit$$00000002           0x080001aa   Section        0  rtexit2.o(.ARM.Collect$$rtexit$$00000002)
    .ARM.Collect$$rtexit$$00000003           0x080001aa   Section        4  rtexit2.o(.ARM.Collect$$rtexit$$00000003)
    .ARM.Collect$$rtexit$$00000004           0x080001ae   Section        6  rtexit2.o(.ARM.Collect$$rtexit$$00000004)
    .text                                    0x080001b4   Section       64  startup_stm32f103x6.o(.text)
    .text                                    0x080001f4   Section        0  __2sprintf.o(.text)
    .text                                    0x08000220   Section        0  __2snprintf.o(.text)
    .text                                    0x08000258   Section        0  _printf_pad.o(.text)
    .text                                    0x080002a6   Section        0  _printf_str.o(.text)
    .text                                    0x080002f8   Section        0  _printf_dec.o(.text)
    .text                                    0x08000370   Section        0  _printf_hex_int.o(.text)
    .text                                    0x080003c8   Section        0  __printf_flags_wp.o(.text)
    .text                                    0x08000500   Section        0  __0sscanf.o(.text)
    .text                                    0x0800053c   Section        0  _scanf_int.o(.text)
    .text                                    0x08000688   Section        0  strstr.o(.text)
    .text                                    0x080006ac   Section        0  strncasecmp.o(.text)
    .text                                    0x080006de   Section        0  strlen.o(.text)
    .text                                    0x0800071c   Section       86  strncpy.o(.text)
    .text                                    0x08000772   Section        0  heapauxi.o(.text)
    .text                                    0x08000778   Section        0  tolower.o(.text)
    .text                                    0x08000792   Section        0  _printf_intcommon.o(.text)
    _printf_input_char                       0x08000845   Thumb Code    10  _printf_char_common.o(.text)
    .text                                    0x08000844   Section        0  _printf_char_common.o(.text)
    .text                                    0x08000874   Section        0  _sputc.o(.text)
    .text                                    0x0800087e   Section        0  _snputc.o(.text)
    .text                                    0x0800088e   Section        0  _printf_char.o(.text)
    .text                                    0x080008ba   Section        0  _chval.o(.text)
    _scanf_char_input                        0x080008d9   Thumb Code    12  scanf_char.o(.text)
    .text                                    0x080008d8   Section        0  scanf_char.o(.text)
    .text                                    0x08000904   Section        0  _sgetc.o(.text)
    .text                                    0x08000944   Section       68  rt_memclr.o(.text)
    .text                                    0x08000988   Section       16  rt_ctype_table.o(.text)
    .text                                    0x08000998   Section        0  isspace.o(.text)
    .text                                    0x080009ac   Section        0  _scanf.o(.text)
    .text                                    0x08000d20   Section       78  rt_memclr_w.o(.text)
    .text                                    0x08000d6e   Section       74  sys_stackheap_outer.o(.text)
    .text                                    0x08000db8   Section        8  rt_locale_intlibspace.o(.text)
    .text                                    0x08000dc0   Section        0  exit.o(.text)
    .text                                    0x08000dd4   Section        8  libspace.o(.text)
    .text                                    0x08000ddc   Section      128  strcmpv7m.o(.text)
    .text                                    0x08000e5c   Section        0  sys_exit.o(.text)
    .text                                    0x08000e68   Section        2  use_no_semi.o(.text)
    .text                                    0x08000e6a   Section        0  indicate_semi.o(.text)
    [Anonymous Symbol]                       0x08000e6c   Section        0  stm32f1xx_it.o(.text.BusFault_Handler)
    [Anonymous Symbol]                       0x08000e70   Section        0  stm32f1xx_it.o(.text.DebugMon_Handler)
    [Anonymous Symbol]                       0x08000e74   Section        0  main.o(.text.Error_Handler)
    [Anonymous Symbol]                       0x08000ebc   Section        0  stm32f1xx_hal.o(.text.HAL_Delay)
    [Anonymous Symbol]                       0x08000ee4   Section        0  stm32f1xx_hal_gpio.o(.text.HAL_GPIO_Init)
    [Anonymous Symbol]                       0x080010e8   Section        0  stm32f1xx_hal_gpio.o(.text.HAL_GPIO_ReadPin)
    [Anonymous Symbol]                       0x080010f4   Section        0  stm32f1xx_hal_gpio.o(.text.HAL_GPIO_TogglePin)
    [Anonymous Symbol]                       0x08001104   Section        0  stm32f1xx_hal_gpio.o(.text.HAL_GPIO_WritePin)
    [Anonymous Symbol]                       0x08001110   Section        0  stm32f1xx_hal.o(.text.HAL_GetTick)
    [Anonymous Symbol]                       0x0800111c   Section        0  stm32f1xx_hal_iwdg.o(.text.HAL_IWDG_Init)
    [Anonymous Symbol]                       0x08001178   Section        0  stm32f1xx_hal_iwdg.o(.text.HAL_IWDG_Refresh)
    [Anonymous Symbol]                       0x08001184   Section        0  stm32f1xx_hal.o(.text.HAL_IncTick)
    [Anonymous Symbol]                       0x080011a0   Section        0  stm32f1xx_hal.o(.text.HAL_Init)
    [Anonymous Symbol]                       0x080011c8   Section        0  stm32f1xx_hal.o(.text.HAL_InitTick)
    [Anonymous Symbol]                       0x08001210   Section        0  stm32f1xx_hal_msp.o(.text.HAL_MspInit)
    [Anonymous Symbol]                       0x08001254   Section        0  stm32f1xx_hal_cortex.o(.text.HAL_NVIC_EnableIRQ)
    [Anonymous Symbol]                       0x08001274   Section        0  stm32f1xx_hal_cortex.o(.text.HAL_NVIC_SetPriority)
    [Anonymous Symbol]                       0x080012cc   Section        0  stm32f1xx_hal_cortex.o(.text.HAL_NVIC_SetPriorityGrouping)
    [Anonymous Symbol]                       0x080012ec   Section        0  stm32f1xx_hal_pwr.o(.text.HAL_PWR_EnableBkUpAccess)
    [Anonymous Symbol]                       0x080012f8   Section        0  stm32f1xx_hal_rcc_ex.o(.text.HAL_RCCEx_GetPeriphCLKFreq)
    HAL_RCCEx_GetPeriphCLKFreq.aPLLMULFactorTable 0x080013d4   Number         0  stm32f1xx_hal_rcc_ex.o(.text.HAL_RCCEx_GetPeriphCLKFreq)
    HAL_RCCEx_GetPeriphCLKFreq.aPredivFactorTable 0x080013e4   Number         0  stm32f1xx_hal_rcc_ex.o(.text.HAL_RCCEx_GetPeriphCLKFreq)
    [Anonymous Symbol]                       0x080013e8   Section        0  stm32f1xx_hal_rcc_ex.o(.text.HAL_RCCEx_PeriphCLKConfig)
    [Anonymous Symbol]                       0x080014f4   Section        0  stm32f1xx_hal_rcc.o(.text.HAL_RCC_ClockConfig)
    [Anonymous Symbol]                       0x080016b4   Section        0  stm32f1xx_hal_rcc.o(.text.HAL_RCC_GetPCLK1Freq)
    [Anonymous Symbol]                       0x080016dc   Section        0  stm32f1xx_hal_rcc.o(.text.HAL_RCC_GetPCLK2Freq)
    [Anonymous Symbol]                       0x08001704   Section        0  stm32f1xx_hal_rcc.o(.text.HAL_RCC_OscConfig)
    [Anonymous Symbol]                       0x08001ab8   Section        0  stm32f1xx_hal_rtc_ex.o(.text.HAL_RTCEx_BKUPRead)
    [Anonymous Symbol]                       0x08001ac8   Section        0  stm32f1xx_hal_rtc_ex.o(.text.HAL_RTCEx_BKUPWrite)
    [Anonymous Symbol]                       0x08001ad8   Section        0  stm32f1xx_hal_rtc_ex.o(.text.HAL_RTCEx_RTCEventCallback)
    [Anonymous Symbol]                       0x08001adc   Section        0  stm32f1xx_hal_rtc_ex.o(.text.HAL_RTCEx_RTCEventErrorCallback)
    [Anonymous Symbol]                       0x08001ae0   Section        0  stm32f1xx_hal_rtc_ex.o(.text.HAL_RTCEx_RTCIRQHandler)
    [Anonymous Symbol]                       0x08001b30   Section        0  stm32f1xx_hal_rtc.o(.text.HAL_RTC_AlarmAEventCallback)
    [Anonymous Symbol]                       0x08001b34   Section        0  stm32f1xx_hal_rtc.o(.text.HAL_RTC_AlarmIRQHandler)
    [Anonymous Symbol]                       0x08001b70   Section        0  stm32f1xx_hal_rtc.o(.text.HAL_RTC_GetDate)
    [Anonymous Symbol]                       0x08001c48   Section        0  stm32f1xx_hal_rtc.o(.text.HAL_RTC_GetTime)
    [Anonymous Symbol]                       0x080021b8   Section        0  stm32f1xx_hal_rtc.o(.text.HAL_RTC_Init)
    [Anonymous Symbol]                       0x080022ac   Section        0  rtc.o(.text.HAL_RTC_MspInit)
    [Anonymous Symbol]                       0x08002314   Section        0  stm32f1xx_hal_rtc.o(.text.HAL_RTC_SetDate)
    [Anonymous Symbol]                       0x08002528   Section        0  stm32f1xx_hal_rtc.o(.text.HAL_RTC_SetTime)
    [Anonymous Symbol]                       0x08002688   Section        0  stm32f1xx_hal_cortex.o(.text.HAL_SYSTICK_Config)
    [Anonymous Symbol]                       0x080026b4   Section        0  stm32f1xx_hal_uart.o(.text.HAL_UART_Init)
    [Anonymous Symbol]                       0x08002794   Section        0  usart.o(.text.HAL_UART_MspInit)
    [Anonymous Symbol]                       0x08002868   Section        0  stm32f1xx_hal_uart.o(.text.HAL_UART_Receive)
    [Anonymous Symbol]                       0x08002ac0   Section        0  stm32f1xx_hal_uart.o(.text.HAL_UART_Transmit)
    [Anonymous Symbol]                       0x08002c44   Section        0  stm32f1xx_it.o(.text.HardFault_Handler)
    [Anonymous Symbol]                       0x08002c48   Section        0  gpio.o(.text.MX_GPIO_Init)
    [Anonymous Symbol]                       0x08002ce4   Section        0  iwdg.o(.text.MX_IWDG_Init)
    [Anonymous Symbol]                       0x08002d14   Section        0  rtc.o(.text.MX_RTC_Init)
    [Anonymous Symbol]                       0x08003008   Section        0  usart.o(.text.MX_USART1_UART_Init)
    [Anonymous Symbol]                       0x08003044   Section        0  usart.o(.text.MX_USART2_UART_Init)
    [Anonymous Symbol]                       0x08003080   Section        0  stm32f1xx_it.o(.text.MemManage_Handler)
    [Anonymous Symbol]                       0x08003084   Section        0  stm32f1xx_it.o(.text.NMI_Handler)
    [Anonymous Symbol]                       0x08003088   Section        0  stm32f1xx_it.o(.text.PendSV_Handler)
    [Anonymous Symbol]                       0x0800308c   Section        0  stm32f1xx_it.o(.text.RTC_Alarm_IRQHandler)
    [Anonymous Symbol]                       0x08003098   Section        0  stm32f1xx_it.o(.text.RTC_IRQHandler)
    [Anonymous Symbol]                       0x080030b4   Section        0  stm32f1xx_it.o(.text.SVC_Handler)
    [Anonymous Symbol]                       0x080030b8   Section        0  stm32f1xx_it.o(.text.SysTick_Handler)
    [Anonymous Symbol]                       0x080030bc   Section        0  main.o(.text.SystemClock_Config)
    [Anonymous Symbol]                       0x08003134   Section        0  system_stm32f1xx.o(.text.SystemInit)
    [Anonymous Symbol]                       0x08003138   Section        0  stm32f1xx_it.o(.text.UsageFault_Handler)
    __NVIC_SystemReset                       0x0800313d   Thumb Code    42  main.o(.text.__NVIC_SystemReset)
    [Anonymous Symbol]                       0x0800313c   Section        0  main.o(.text.__NVIC_SystemReset)
    [Anonymous Symbol]                       0x08003168   Section        0  main.o(.text.load_settings_from_backup)
    [Anonymous Symbol]                       0x08003238   Section        0  main.o(.text.main)
    [Anonymous Symbol]                       0x08003914   Section        0  main.o(.text.save_settings_to_backup)
    [Anonymous Symbol]                       0x08003998   Section        0  main.o(.text.sim800_check_sms)
    [Anonymous Symbol]                       0x08004184   Section        0  main.o(.text.sim800_receive_response)
    [Anonymous Symbol]                       0x080042b4   Section        0  main.o(.text.sim800_send_sms1)
    [Anonymous Symbol]                       0x0800438c   Section        0  main.o(.text.uart1_send_str)
    i._is_digit                              0x080043aa   Section        0  __printf_wp.o(i._is_digit)
    locale$$code                             0x080043b8   Section       44  lc_ctype_c.o(locale$$code)
    uc_hextab                                0x080043e4   Data          20  _printf_hex_int.o(.constdata)
    .constdata                               0x080043e4   Section       40  _printf_hex_int.o(.constdata)
    lc_hextab                                0x080043f8   Data          20  _printf_hex_int.o(.constdata)
    maptable                                 0x0800440c   Data          17  __printf_flags_wp.o(.constdata)
    .constdata                               0x0800440c   Section       17  __printf_flags_wp.o(.constdata)
    .L__const.main.weekdays                  0x08004420   Data          32  main.o(.rodata..L__const.main.weekdays)
    HAL_RCC_GetSysClockFreq.aPredivFactorTable 0x08004458   Data           2  stm32f1xx_hal_rcc.o(.rodata.HAL_RCC_GetSysClockFreq.aPredivFactorTable)
    [Anonymous Symbol]                       0x08004458   Section        0  stm32f1xx_hal_rcc.o(.rodata.HAL_RCC_GetSysClockFreq.aPredivFactorTable)
    HAL_RCC_GetSysClockFreq.aPLLMULFactorTable 0x0800445a   Data          16  stm32f1xx_hal_rcc.o(.rodata.cst16)
    [Anonymous Symbol]                       0x0800445a   Section        0  stm32f1xx_hal_rcc.o(.rodata.cst16)
    .L.str.61                                0x0800446a   Data          12  main.o(.rodata.str1.1)
    [Anonymous Symbol]                       0x0800446a   Section        0  main.o(.rodata.str1.1)
    .L.str.59                                0x08004476   Data          14  main.o(.rodata.str1.1)
    .L.str.79                                0x08004484   Data          20  main.o(.rodata.str1.1)
    .L.str.60                                0x08004498   Data           5  main.o(.rodata.str1.1)
    .L.str.80                                0x0800449d   Data          37  main.o(.rodata.str1.1)
    .L.str.65                                0x080044c2   Data          21  main.o(.rodata.str1.1)
    .L.str.51                                0x080044d7   Data          23  main.o(.rodata.str1.1)
    .L.str.47                                0x080044ee   Data          23  main.o(.rodata.str1.1)
    .L.str.43                                0x08004505   Data          23  main.o(.rodata.str1.1)
    .L.str.54                                0x0800451c   Data          25  main.o(.rodata.str1.1)
    .L.str.49                                0x08004535   Data           7  main.o(.rodata.str1.1)
    .L.str.45                                0x0800453c   Data           7  main.o(.rodata.str1.1)
    .L.str.40                                0x08004543   Data           7  main.o(.rodata.str1.1)
    .L.str.18                                0x0800454a   Data          14  main.o(.rodata.str1.1)
    .L.str.52                                0x08004558   Data          43  main.o(.rodata.str1.1)
    .L.str.48                                0x08004583   Data          43  main.o(.rodata.str1.1)
    .L.str.44                                0x080045ae   Data          43  main.o(.rodata.str1.1)
    .L.str.33                                0x080045d9   Data           4  main.o(.rodata.str1.1)
    .L.str.32                                0x080045dd   Data           3  main.o(.rodata.str1.1)
    .L.str.29                                0x080045e0   Data          24  main.o(.rodata.str1.1)
    .L.str.27                                0x080045f8   Data          23  main.o(.rodata.str1.1)
    .L.str.41                                0x0800460f   Data          10  main.o(.rodata.str1.1)
    .L.str.50                                0x08004619   Data          55  main.o(.rodata.str1.1)
    .L.str.46                                0x08004650   Data          55  main.o(.rodata.str1.1)
    .L.str.42                                0x08004687   Data          55  main.o(.rodata.str1.1)
    .L.str.72                                0x080046be   Data          42  main.o(.rodata.str1.1)
    .L.str.74                                0x080046e8   Data          42  main.o(.rodata.str1.1)
    .L.str.76                                0x08004712   Data          42  main.o(.rodata.str1.1)
    .L.str.56                                0x0800473c   Data          20  main.o(.rodata.str1.1)
    .L.str.36                                0x08004750   Data          15  main.o(.rodata.str1.1)
    .L.str.58                                0x0800475f   Data          21  main.o(.rodata.str1.1)
    .L.str.38                                0x08004774   Data          16  main.o(.rodata.str1.1)
    .L.str.28                                0x08004784   Data           9  main.o(.rodata.str1.1)
    .L.str.57                                0x0800478d   Data          12  main.o(.rodata.str1.1)
    .L.str.39                                0x08004799   Data          43  main.o(.rodata.str1.1)
    .L.str.78                                0x080047c4   Data          13  main.o(.rodata.str1.1)
    .L.str.55                                0x080047d1   Data          11  main.o(.rodata.str1.1)
    .L.str.34                                0x080047dc   Data           7  main.o(.rodata.str1.1)
    .L.str.30                                0x080047e3   Data           7  main.o(.rodata.str1.1)
    .L.str.53                                0x080047ea   Data           6  main.o(.rodata.str1.1)
    .L.str.31                                0x080047f0   Data         122  main.o(.rodata.str1.1)
    .L.str.5                                 0x080048a3   Data          42  rtc.o(.rodata.str1.1)
    [Anonymous Symbol]                       0x080048a3   Section        0  rtc.o(.rodata.str1.1)
    .L.str.6                                 0x080048cd   Data          46  rtc.o(.rodata.str1.1)
    .L.str.4                                 0x080048fb   Data          65  rtc.o(.rodata.str1.1)
    locale$$data                             0x0800495c   Section      272  lc_ctype_c.o(locale$$data)
    __lcctype_c_name                         0x08004960   Data           2  lc_ctype_c.o(locale$$data)
    __lcctype_c_start                        0x08004968   Data           0  lc_ctype_c.o(locale$$data)
    __lcctype_c_end                          0x08004a6c   Data           0  lc_ctype_c.o(locale$$data)
    .L_MergedGlobals                         0x20000000   Data           8  stm32f1xx_hal.o(.data..L_MergedGlobals)
    [Anonymous Symbol]                       0x20000000   Section        0  stm32f1xx_hal.o(.data..L_MergedGlobals)
    .bss                                     0x20000010   Section       96  libspace.o(.bss)
    .L_MergedGlobals                         0x20000070   Data          36  main.o(.bss..L_MergedGlobals)
    [Anonymous Symbol]                       0x20000070   Section        0  main.o(.bss..L_MergedGlobals)
    Heap_Mem                                 0x200001e8   Data         512  startup_stm32f103x6.o(HEAP)
    HEAP                                     0x200001e8   Section      512  startup_stm32f103x6.o(HEAP)
    Stack_Mem                                0x200003e8   Data        1024  startup_stm32f103x6.o(STACK)
    STACK                                    0x200003e8   Section     1024  startup_stm32f103x6.o(STACK)
    __initial_sp                             0x200007e8   Data           0  startup_stm32f103x6.o(STACK)

    Global Symbols

    Symbol Name                              Value     Ov Type        Size  Object(Section)

    BuildAttributes$$THM_ISAv4$P$D$K$B$S$PE$A:L22UL41UL21$X:L11$S22US41US21$IEEE1$IW$~IW$USESV6$~STKCKD$USESV7$~SHL$OTIME$ROPI$EBA8$UX$STANDARDLIB$REQ8$PRES8$EABIv2 0x00000000   Number         0  anon$$obj.o ABSOLUTE
    __fp_init_empty                          0x00000000   Number         0  fpinit_empty.o ABSOLUTE
    _printf_flags                            0x00000000   Number         0  printf_stubs.o ABSOLUTE
    _printf_return_value                     0x00000000   Number         0  printf_stubs.o ABSOLUTE
    _printf_sizespec                         0x00000000   Number         0  printf_stubs.o ABSOLUTE
    _printf_widthprec                        0x00000000   Number         0  printf_stubs.o ABSOLUTE
    __ARM_exceptions_init                     - Undefined Weak Reference
    __alloca_initialize                       - Undefined Weak Reference
    __arm_preinit_                            - Undefined Weak Reference
    __cpp_initialize__aeabi_                  - Undefined Weak Reference
    __cxa_finalize                            - Undefined Weak Reference
    __sigvec_lookup                           - Undefined Weak Reference
    _atexit_init                              - Undefined Weak Reference
    _call_atexit_fns                          - Undefined Weak Reference
    _clock_init                               - Undefined Weak Reference
    _fp_trap_init                             - Undefined Weak Reference
    _fp_trap_shutdown                         - Undefined Weak Reference
    _get_lc_collate                           - Undefined Weak Reference
    _get_lc_monetary                          - Undefined Weak Reference
    _get_lc_numeric                           - Undefined Weak Reference
    _get_lc_time                              - Undefined Weak Reference
    _getenv_init                              - Undefined Weak Reference
    _handle_redirection                       - Undefined Weak Reference
    _init_alloc                               - Undefined Weak Reference
    _init_user_alloc                          - Undefined Weak Reference
    _initio                                   - Undefined Weak Reference
    _printf_mbtowc                            - Undefined Weak Reference
    _printf_truncate_signed                   - Undefined Weak Reference
    _printf_truncate_unsigned                 - Undefined Weak Reference
    _rand_init                                - Undefined Weak Reference
    _scanf_longlong                           - Undefined Weak Reference
    _scanf_mbtowc                             - Undefined Weak Reference
    _scanf_real                               - Undefined Weak Reference
    _scanf_string                             - Undefined Weak Reference
    _scanf_wctomb                             - Undefined Weak Reference
    _scanf_wstring                            - Undefined Weak Reference
    _signal_finish                            - Undefined Weak Reference
    _signal_init                              - Undefined Weak Reference
    _terminate_alloc                          - Undefined Weak Reference
    _terminate_user_alloc                     - Undefined Weak Reference
    _terminateio                              - Undefined Weak Reference
    __Vectors_Size                           0x000000ec   Number         0  startup_stm32f103x6.o ABSOLUTE
    __Vectors                                0x08000000   Data           4  startup_stm32f103x6.o(RESET)
    __Vectors_End                            0x080000ec   Data           0  startup_stm32f103x6.o(RESET)
    __main                                   0x080000ed   Thumb Code     8  __main.o(!!!main)
    __scatterload                            0x080000f5   Thumb Code     0  __scatter.o(!!!scatter)
    __scatterload_rt2                        0x080000f5   Thumb Code    44  __scatter.o(!!!scatter)
    __scatterload_rt2_thumb_only             0x080000f5   Thumb Code     0  __scatter.o(!!!scatter)
    __scatterload_null                       0x08000103   Thumb Code     0  __scatter.o(!!!scatter)
    __scatterload_copy                       0x08000129   Thumb Code    26  __scatter_copy.o(!!handler_copy)
    __scatterload_zeroinit                   0x08000145   Thumb Code    28  __scatter_zi.o(!!handler_zi)
    _printf_d                                0x08000161   Thumb Code     0  _printf_d.o(.ARM.Collect$$_printf_percent$$00000009)
    _printf_percent                          0x08000161   Thumb Code     0  _printf_percent.o(.ARM.Collect$$_printf_percent$$00000000)
    _printf_u                                0x08000167   Thumb Code     0  _printf_u.o(.ARM.Collect$$_printf_percent$$0000000A)
    _printf_x                                0x0800016d   Thumb Code     0  _printf_x.o(.ARM.Collect$$_printf_percent$$0000000C)
    _printf_s                                0x08000173   Thumb Code     0  _printf_s.o(.ARM.Collect$$_printf_percent$$00000014)
    _printf_percent_end                      0x08000179   Thumb Code     0  _printf_percent_end.o(.ARM.Collect$$_printf_percent$$00000017)
    __rt_lib_init                            0x0800017d   Thumb Code     0  libinit.o(.ARM.Collect$$libinit$$00000000)
    __rt_lib_init_fp_1                       0x0800017f   Thumb Code     0  libinit2.o(.ARM.Collect$$libinit$$00000002)
    __rt_lib_init_heap_1                     0x0800017f   Thumb Code     0  libinit2.o(.ARM.Collect$$libinit$$0000000A)
    __rt_lib_init_lc_common                  0x0800017f   Thumb Code     0  libinit2.o(.ARM.Collect$$libinit$$0000000F)
    __rt_lib_init_preinit_1                  0x0800017f   Thumb Code     0  libinit2.o(.ARM.Collect$$libinit$$00000004)
    __rt_lib_init_rand_1                     0x0800017f   Thumb Code     0  libinit2.o(.ARM.Collect$$libinit$$0000000E)
    __rt_lib_init_user_alloc_1               0x0800017f   Thumb Code     0  libinit2.o(.ARM.Collect$$libinit$$0000000C)
    __rt_lib_init_lc_collate_1               0x08000185   Thumb Code     0  libinit2.o(.ARM.Collect$$libinit$$00000011)
    __rt_lib_init_lc_ctype_2                 0x08000185   Thumb Code     0  libinit2.o(.ARM.Collect$$libinit$$00000012)
    __rt_lib_init_alloca_1                   0x08000191   Thumb Code     0  libinit2.o(.ARM.Collect$$libinit$$0000002E)
    __rt_lib_init_argv_1                     0x08000191   Thumb Code     0  libinit2.o(.ARM.Collect$$libinit$$0000002C)
    __rt_lib_init_atexit_1                   0x08000191   Thumb Code     0  libinit2.o(.ARM.Collect$$libinit$$0000001B)
    __rt_lib_init_clock_1                    0x08000191   Thumb Code     0  libinit2.o(.ARM.Collect$$libinit$$00000021)
    __rt_lib_init_cpp_1                      0x08000191   Thumb Code     0  libinit2.o(.ARM.Collect$$libinit$$00000032)
    __rt_lib_init_exceptions_1               0x08000191   Thumb Code     0  libinit2.o(.ARM.Collect$$libinit$$00000030)
    __rt_lib_init_fp_trap_1                  0x08000191   Thumb Code     0  libinit2.o(.ARM.Collect$$libinit$$0000001F)
    __rt_lib_init_getenv_1                   0x08000191   Thumb Code     0  libinit2.o(.ARM.Collect$$libinit$$00000023)
    __rt_lib_init_lc_ctype_1                 0x08000191   Thumb Code     0  libinit2.o(.ARM.Collect$$libinit$$00000013)
    __rt_lib_init_lc_monetary_1              0x08000191   Thumb Code     0  libinit2.o(.ARM.Collect$$libinit$$00000015)
    __rt_lib_init_lc_numeric_1               0x08000191   Thumb Code     0  libinit2.o(.ARM.Collect$$libinit$$00000017)
    __rt_lib_init_lc_time_1                  0x08000191   Thumb Code     0  libinit2.o(.ARM.Collect$$libinit$$00000019)
    __rt_lib_init_return                     0x08000191   Thumb Code     0  libinit2.o(.ARM.Collect$$libinit$$00000033)
    __rt_lib_init_signal_1                   0x08000191   Thumb Code     0  libinit2.o(.ARM.Collect$$libinit$$0000001D)
    __rt_lib_init_stdio_1                    0x08000191   Thumb Code     0  libinit2.o(.ARM.Collect$$libinit$$00000025)
    __rt_lib_shutdown                        0x08000193   Thumb Code     0  libshutdown.o(.ARM.Collect$$libshutdown$$00000000)
    __rt_lib_shutdown_cpp_1                  0x08000195   Thumb Code     0  libshutdown2.o(.ARM.Collect$$libshutdown$$00000002)
    __rt_lib_shutdown_fp_trap_1              0x08000195   Thumb Code     0  libshutdown2.o(.ARM.Collect$$libshutdown$$00000007)
    __rt_lib_shutdown_heap_1                 0x08000195   Thumb Code     0  libshutdown2.o(.ARM.Collect$$libshutdown$$0000000F)
    __rt_lib_shutdown_return                 0x08000195   Thumb Code     0  libshutdown2.o(.ARM.Collect$$libshutdown$$00000010)
    __rt_lib_shutdown_signal_1               0x08000195   Thumb Code     0  libshutdown2.o(.ARM.Collect$$libshutdown$$0000000A)
    __rt_lib_shutdown_stdio_1                0x08000195   Thumb Code     0  libshutdown2.o(.ARM.Collect$$libshutdown$$00000004)
    __rt_lib_shutdown_user_alloc_1           0x08000195   Thumb Code     0  libshutdown2.o(.ARM.Collect$$libshutdown$$0000000C)
    __rt_entry                               0x08000197   Thumb Code     0  __rtentry.o(.ARM.Collect$$rtentry$$00000000)
    __rt_entry_presh_1                       0x08000197   Thumb Code     0  __rtentry2.o(.ARM.Collect$$rtentry$$00000002)
    __rt_entry_sh                            0x08000197   Thumb Code     0  __rtentry4.o(.ARM.Collect$$rtentry$$00000004)
    __rt_entry_li                            0x0800019d   Thumb Code     0  __rtentry2.o(.ARM.Collect$$rtentry$$0000000A)
    __rt_entry_postsh_1                      0x0800019d   Thumb Code     0  __rtentry2.o(.ARM.Collect$$rtentry$$00000009)
    __rt_entry_main                          0x080001a1   Thumb Code     0  __rtentry2.o(.ARM.Collect$$rtentry$$0000000D)
    __rt_entry_postli_1                      0x080001a1   Thumb Code     0  __rtentry2.o(.ARM.Collect$$rtentry$$0000000C)
    __rt_exit                                0x080001a9   Thumb Code     0  rtexit.o(.ARM.Collect$$rtexit$$00000000)
    __rt_exit_ls                             0x080001ab   Thumb Code     0  rtexit2.o(.ARM.Collect$$rtexit$$00000003)
    __rt_exit_prels_1                        0x080001ab   Thumb Code     0  rtexit2.o(.ARM.Collect$$rtexit$$00000002)
    __rt_exit_exit                           0x080001af   Thumb Code     0  rtexit2.o(.ARM.Collect$$rtexit$$00000004)
    Reset_Handler                            0x080001b5   Thumb Code     8  startup_stm32f103x6.o(.text)
    ADC1_2_IRQHandler                        0x080001cf   Thumb Code     0  startup_stm32f103x6.o(.text)
    CAN1_RX1_IRQHandler                      0x080001cf   Thumb Code     0  startup_stm32f103x6.o(.text)
    CAN1_SCE_IRQHandler                      0x080001cf   Thumb Code     0  startup_stm32f103x6.o(.text)
    DMA1_Channel1_IRQHandler                 0x080001cf   Thumb Code     0  startup_stm32f103x6.o(.text)
    DMA1_Channel2_IRQHandler                 0x080001cf   Thumb Code     0  startup_stm32f103x6.o(.text)
    DMA1_Channel3_IRQHandler                 0x080001cf   Thumb Code     0  startup_stm32f103x6.o(.text)
    DMA1_Channel4_IRQHandler                 0x080001cf   Thumb Code     0  startup_stm32f103x6.o(.text)
    DMA1_Channel5_IRQHandler                 0x080001cf   Thumb Code     0  startup_stm32f103x6.o(.text)
    DMA1_Channel6_IRQHandler                 0x080001cf   Thumb Code     0  startup_stm32f103x6.o(.text)
    DMA1_Channel7_IRQHandler                 0x080001cf   Thumb Code     0  startup_stm32f103x6.o(.text)
    EXTI0_IRQHandler                         0x080001cf   Thumb Code     0  startup_stm32f103x6.o(.text)
    EXTI15_10_IRQHandler                     0x080001cf   Thumb Code     0  startup_stm32f103x6.o(.text)
    EXTI1_IRQHandler                         0x080001cf   Thumb Code     0  startup_stm32f103x6.o(.text)
    EXTI2_IRQHandler                         0x080001cf   Thumb Code     0  startup_stm32f103x6.o(.text)
    EXTI3_IRQHandler                         0x080001cf   Thumb Code     0  startup_stm32f103x6.o(.text)
    EXTI4_IRQHandler                         0x080001cf   Thumb Code     0  startup_stm32f103x6.o(.text)
    EXTI9_5_IRQHandler                       0x080001cf   Thumb Code     0  startup_stm32f103x6.o(.text)
    FLASH_IRQHandler                         0x080001cf   Thumb Code     0  startup_stm32f103x6.o(.text)
    I2C1_ER_IRQHandler                       0x080001cf   Thumb Code     0  startup_stm32f103x6.o(.text)
    I2C1_EV_IRQHandler                       0x080001cf   Thumb Code     0  startup_stm32f103x6.o(.text)
    PVD_IRQHandler                           0x080001cf   Thumb Code     0  startup_stm32f103x6.o(.text)
    RCC_IRQHandler                           0x080001cf   Thumb Code     0  startup_stm32f103x6.o(.text)
    SPI1_IRQHandler                          0x080001cf   Thumb Code     0  startup_stm32f103x6.o(.text)
    TAMPER_IRQHandler                        0x080001cf   Thumb Code     0  startup_stm32f103x6.o(.text)
    TIM1_BRK_IRQHandler                      0x080001cf   Thumb Code     0  startup_stm32f103x6.o(.text)
    TIM1_CC_IRQHandler                       0x080001cf   Thumb Code     0  startup_stm32f103x6.o(.text)
    TIM1_TRG_COM_IRQHandler                  0x080001cf   Thumb Code     0  startup_stm32f103x6.o(.text)
    TIM1_UP_IRQHandler                       0x080001cf   Thumb Code     0  startup_stm32f103x6.o(.text)
    TIM2_IRQHandler                          0x080001cf   Thumb Code     0  startup_stm32f103x6.o(.text)
    TIM3_IRQHandler                          0x080001cf   Thumb Code     0  startup_stm32f103x6.o(.text)
    USART1_IRQHandler                        0x080001cf   Thumb Code     0  startup_stm32f103x6.o(.text)
    USART2_IRQHandler                        0x080001cf   Thumb Code     0  startup_stm32f103x6.o(.text)
    USBWakeUp_IRQHandler                     0x080001cf   Thumb Code     0  startup_stm32f103x6.o(.text)
    USB_HP_CAN1_TX_IRQHandler                0x080001cf   Thumb Code     0  startup_stm32f103x6.o(.text)
    USB_LP_CAN1_RX0_IRQHandler               0x080001cf   Thumb Code     0  startup_stm32f103x6.o(.text)
    WWDG_IRQHandler                          0x080001cf   Thumb Code     0  startup_stm32f103x6.o(.text)
    __user_initial_stackheap                 0x080001d1   Thumb Code     0  startup_stm32f103x6.o(.text)
    __2sprintf                               0x080001f5   Thumb Code    38  __2sprintf.o(.text)
    __2snprintf                              0x08000221   Thumb Code    50  __2snprintf.o(.text)
    _printf_pre_padding                      0x08000259   Thumb Code    44  _printf_pad.o(.text)
    _printf_post_padding                     0x08000285   Thumb Code    34  _printf_pad.o(.text)
    _printf_str                              0x080002a7   Thumb Code    82  _printf_str.o(.text)
    _printf_int_dec                          0x080002f9   Thumb Code   104  _printf_dec.o(.text)
    _printf_int_hex                          0x08000371   Thumb Code    84  _printf_hex_int.o(.text)
    _printf_longlong_hex                     0x08000371   Thumb Code     0  _printf_hex_int.o(.text)
    __printf                                 0x080003c9   Thumb Code   308  __printf_flags_wp.o(.text)
    __0sscanf                                0x08000501   Thumb Code    52  __0sscanf.o(.text)
    _scanf_int                               0x0800053d   Thumb Code   332  _scanf_int.o(.text)
    strstr                                   0x08000689   Thumb Code    36  strstr.o(.text)
    strncasecmp                              0x080006ad   Thumb Code    50  strncasecmp.o(.text)
    strlen                                   0x080006df   Thumb Code    62  strlen.o(.text)
    strncpy                                  0x0800071d   Thumb Code    86  strncpy.o(.text)
    __use_two_region_memory                  0x08000773   Thumb Code     2  heapauxi.o(.text)
    __rt_heap_escrow$2region                 0x08000775   Thumb Code     2  heapauxi.o(.text)
    __rt_heap_expand$2region                 0x08000777   Thumb Code     2  heapauxi.o(.text)
    tolower                                  0x08000779   Thumb Code    26  tolower.o(.text)
    _printf_int_common                       0x08000793   Thumb Code   178  _printf_intcommon.o(.text)
    _printf_char_common                      0x0800084f   Thumb Code    32  _printf_char_common.o(.text)
    _sputc                                   0x08000875   Thumb Code    10  _sputc.o(.text)
    _snputc                                  0x0800087f   Thumb Code    16  _snputc.o(.text)
    _printf_cs_common                        0x0800088f   Thumb Code    20  _printf_char.o(.text)
    _printf_char                             0x080008a3   Thumb Code    16  _printf_char.o(.text)
    _printf_string                           0x080008b3   Thumb Code     8  _printf_char.o(.text)
    _chval                                   0x080008bb   Thumb Code    28  _chval.o(.text)
    __vfscanf_char                           0x080008e5   Thumb Code    24  scanf_char.o(.text)
    _sgetc                                   0x08000905   Thumb Code    30  _sgetc.o(.text)
    _sbackspace                              0x08000923   Thumb Code    34  _sgetc.o(.text)
    __aeabi_memclr                           0x08000945   Thumb Code     0  rt_memclr.o(.text)
    __rt_memclr                              0x08000945   Thumb Code     0  rt_memclr.o(.text)
    _memset                                  0x08000949   Thumb Code    64  rt_memclr.o(.text)
    __rt_ctype_table                         0x08000989   Thumb Code    16  rt_ctype_table.o(.text)
    isspace                                  0x08000999   Thumb Code    18  isspace.o(.text)
    __vfscanf                                0x080009ad   Thumb Code   878  _scanf.o(.text)
    __aeabi_memclr4                          0x08000d21   Thumb Code     0  rt_memclr_w.o(.text)
    __aeabi_memclr8                          0x08000d21   Thumb Code     0  rt_memclr_w.o(.text)
    __rt_memclr_w                            0x08000d21   Thumb Code     0  rt_memclr_w.o(.text)
    _memset_w                                0x08000d25   Thumb Code    74  rt_memclr_w.o(.text)
    __user_setup_stackheap                   0x08000d6f   Thumb Code    74  sys_stackheap_outer.o(.text)
    __rt_locale                              0x08000db9   Thumb Code     8  rt_locale_intlibspace.o(.text)
    exit                                     0x08000dc1   Thumb Code    18  exit.o(.text)
    __user_libspace                          0x08000dd5   Thumb Code     8  libspace.o(.text)
    __user_perproc_libspace                  0x08000dd5   Thumb Code     0  libspace.o(.text)
    __user_perthread_libspace                0x08000dd5   Thumb Code     0  libspace.o(.text)
    strcmp                                   0x08000ddd   Thumb Code   128  strcmpv7m.o(.text)
    _sys_exit                                0x08000e5d   Thumb Code     8  sys_exit.o(.text)
    __I$use$semihosting                      0x08000e69   Thumb Code     0  use_no_semi.o(.text)
    __use_no_semihosting_swi                 0x08000e69   Thumb Code     2  use_no_semi.o(.text)
    __semihosting_library_function           0x08000e6b   Thumb Code     0  indicate_semi.o(.text)
    BusFault_Handler                         0x08000e6d   Thumb Code     2  stm32f1xx_it.o(.text.BusFault_Handler)
    DebugMon_Handler                         0x08000e71   Thumb Code     2  stm32f1xx_it.o(.text.DebugMon_Handler)
    Error_Handler                            0x08000e75   Thumb Code    52  main.o(.text.Error_Handler)
    HAL_Delay                                0x08000ebd   Thumb Code    40  stm32f1xx_hal.o(.text.HAL_Delay)
    HAL_GPIO_Init                            0x08000ee5   Thumb Code   514  stm32f1xx_hal_gpio.o(.text.HAL_GPIO_Init)
    HAL_GPIO_ReadPin                         0x080010e9   Thumb Code    10  stm32f1xx_hal_gpio.o(.text.HAL_GPIO_ReadPin)
    HAL_GPIO_TogglePin                       0x080010f5   Thumb Code    16  stm32f1xx_hal_gpio.o(.text.HAL_GPIO_TogglePin)
    HAL_GPIO_WritePin                        0x08001105   Thumb Code    10  stm32f1xx_hal_gpio.o(.text.HAL_GPIO_WritePin)
    HAL_GetTick                              0x08001111   Thumb Code    12  stm32f1xx_hal.o(.text.HAL_GetTick)
    HAL_IWDG_Init                            0x0800111d   Thumb Code    92  stm32f1xx_hal_iwdg.o(.text.HAL_IWDG_Init)
    HAL_IWDG_Refresh                         0x08001179   Thumb Code    12  stm32f1xx_hal_iwdg.o(.text.HAL_IWDG_Refresh)
    HAL_IncTick                              0x08001185   Thumb Code    26  stm32f1xx_hal.o(.text.HAL_IncTick)
    HAL_Init                                 0x080011a1   Thumb Code    38  stm32f1xx_hal.o(.text.HAL_Init)
    HAL_InitTick                             0x080011c9   Thumb Code    72  stm32f1xx_hal.o(.text.HAL_InitTick)
    HAL_MspInit                              0x08001211   Thumb Code    66  stm32f1xx_hal_msp.o(.text.HAL_MspInit)
    HAL_NVIC_EnableIRQ                       0x08001255   Thumb Code    32  stm32f1xx_hal_cortex.o(.text.HAL_NVIC_EnableIRQ)
    HAL_NVIC_SetPriority                     0x08001275   Thumb Code    86  stm32f1xx_hal_cortex.o(.text.HAL_NVIC_SetPriority)
    HAL_NVIC_SetPriorityGrouping             0x080012cd   Thumb Code    32  stm32f1xx_hal_cortex.o(.text.HAL_NVIC_SetPriorityGrouping)
    HAL_PWR_EnableBkUpAccess                 0x080012ed   Thumb Code    12  stm32f1xx_hal_pwr.o(.text.HAL_PWR_EnableBkUpAccess)
    HAL_RCCEx_GetPeriphCLKFreq               0x080012f9   Thumb Code   220  stm32f1xx_hal_rcc_ex.o(.text.HAL_RCCEx_GetPeriphCLKFreq)
    HAL_RCCEx_PeriphCLKConfig                0x080013e9   Thumb Code   266  stm32f1xx_hal_rcc_ex.o(.text.HAL_RCCEx_PeriphCLKConfig)
    HAL_RCC_ClockConfig                      0x080014f5   Thumb Code   446  stm32f1xx_hal_rcc.o(.text.HAL_RCC_ClockConfig)
    HAL_RCC_GetPCLK1Freq                     0x080016b5   Thumb Code    38  stm32f1xx_hal_rcc.o(.text.HAL_RCC_GetPCLK1Freq)
    HAL_RCC_GetPCLK2Freq                     0x080016dd   Thumb Code    38  stm32f1xx_hal_rcc.o(.text.HAL_RCC_GetPCLK2Freq)
    HAL_RCC_OscConfig                        0x08001705   Thumb Code   948  stm32f1xx_hal_rcc.o(.text.HAL_RCC_OscConfig)
    HAL_RTCEx_BKUPRead                       0x08001ab9   Thumb Code    16  stm32f1xx_hal_rtc_ex.o(.text.HAL_RTCEx_BKUPRead)
    HAL_RTCEx_BKUPWrite                      0x08001ac9   Thumb Code    16  stm32f1xx_hal_rtc_ex.o(.text.HAL_RTCEx_BKUPWrite)
    HAL_RTCEx_RTCEventCallback               0x08001ad9   Thumb Code     2  stm32f1xx_hal_rtc_ex.o(.text.HAL_RTCEx_RTCEventCallback)
    HAL_RTCEx_RTCEventErrorCallback          0x08001add   Thumb Code     2  stm32f1xx_hal_rtc_ex.o(.text.HAL_RTCEx_RTCEventErrorCallback)
    HAL_RTCEx_RTCIRQHandler                  0x08001ae1   Thumb Code    80  stm32f1xx_hal_rtc_ex.o(.text.HAL_RTCEx_RTCIRQHandler)
    HAL_RTC_AlarmAEventCallback              0x08001b31   Thumb Code     2  stm32f1xx_hal_rtc.o(.text.HAL_RTC_AlarmAEventCallback)
    HAL_RTC_AlarmIRQHandler                  0x08001b35   Thumb Code    58  stm32f1xx_hal_rtc.o(.text.HAL_RTC_AlarmIRQHandler)
    HAL_RTC_GetDate                          0x08001b71   Thumb Code   216  stm32f1xx_hal_rtc.o(.text.HAL_RTC_GetDate)
    HAL_RTC_GetTime                          0x08001c49   Thumb Code  1390  stm32f1xx_hal_rtc.o(.text.HAL_RTC_GetTime)
    HAL_RTC_Init                             0x080021b9   Thumb Code   244  stm32f1xx_hal_rtc.o(.text.HAL_RTC_Init)
    HAL_RTC_MspInit                          0x080022ad   Thumb Code   102  rtc.o(.text.HAL_RTC_MspInit)
    HAL_RTC_SetDate                          0x08002315   Thumb Code   530  stm32f1xx_hal_rtc.o(.text.HAL_RTC_SetDate)
    HAL_RTC_SetTime                          0x08002529   Thumb Code   350  stm32f1xx_hal_rtc.o(.text.HAL_RTC_SetTime)
    HAL_SYSTICK_Config                       0x08002689   Thumb Code    44  stm32f1xx_hal_cortex.o(.text.HAL_SYSTICK_Config)
    HAL_UART_Init                            0x080026b5   Thumb Code   222  stm32f1xx_hal_uart.o(.text.HAL_UART_Init)
    HAL_UART_MspInit                         0x08002795   Thumb Code   210  usart.o(.text.HAL_UART_MspInit)
    HAL_UART_Receive                         0x08002869   Thumb Code   598  stm32f1xx_hal_uart.o(.text.HAL_UART_Receive)
    HAL_UART_Transmit                        0x08002ac1   Thumb Code   388  stm32f1xx_hal_uart.o(.text.HAL_UART_Transmit)
    HardFault_Handler                        0x08002c45   Thumb Code     2  stm32f1xx_it.o(.text.HardFault_Handler)
    MX_GPIO_Init                             0x08002c49   Thumb Code   154  gpio.o(.text.MX_GPIO_Init)
    MX_IWDG_Init                             0x08002ce5   Thumb Code    46  iwdg.o(.text.MX_IWDG_Init)
    MX_RTC_Init                              0x08002d15   Thumb Code   616  rtc.o(.text.MX_RTC_Init)
    MX_USART1_UART_Init                      0x08003009   Thumb Code    60  usart.o(.text.MX_USART1_UART_Init)
    MX_USART2_UART_Init                      0x08003045   Thumb Code    60  usart.o(.text.MX_USART2_UART_Init)
    MemManage_Handler                        0x08003081   Thumb Code     2  stm32f1xx_it.o(.text.MemManage_Handler)
    NMI_Handler                              0x08003085   Thumb Code     2  stm32f1xx_it.o(.text.NMI_Handler)
    PendSV_Handler                           0x08003089   Thumb Code     2  stm32f1xx_it.o(.text.PendSV_Handler)
    RTC_Alarm_IRQHandler                     0x0800308d   Thumb Code    12  stm32f1xx_it.o(.text.RTC_Alarm_IRQHandler)
    RTC_IRQHandler                           0x08003099   Thumb Code    26  stm32f1xx_it.o(.text.RTC_IRQHandler)
    SVC_Handler                              0x080030b5   Thumb Code     2  stm32f1xx_it.o(.text.SVC_Handler)
    SysTick_Handler                          0x080030b9   Thumb Code     4  stm32f1xx_it.o(.text.SysTick_Handler)
    SystemClock_Config                       0x080030bd   Thumb Code   120  main.o(.text.SystemClock_Config)
    SystemInit                               0x08003135   Thumb Code     2  system_stm32f1xx.o(.text.SystemInit)
    UsageFault_Handler                       0x08003139   Thumb Code     2  stm32f1xx_it.o(.text.UsageFault_Handler)
    load_settings_from_backup                0x08003169   Thumb Code   208  main.o(.text.load_settings_from_backup)
    main                                     0x08003239   Thumb Code  1612  main.o(.text.main)
    save_settings_to_backup                  0x08003915   Thumb Code   130  main.o(.text.save_settings_to_backup)
    sim800_check_sms                         0x08003999   Thumb Code  1856  main.o(.text.sim800_check_sms)
    sim800_receive_response                  0x08004185   Thumb Code   208  main.o(.text.sim800_receive_response)
    sim800_send_sms1                         0x080042b5   Thumb Code   196  main.o(.text.sim800_send_sms1)
    uart1_send_str                           0x0800438d   Thumb Code    30  main.o(.text.uart1_send_str)
    _is_digit                                0x080043ab   Thumb Code    14  __printf_wp.o(i._is_digit)
    _get_lc_ctype                            0x080043b9   Thumb Code    44  lc_ctype_c.o(locale$$code)
    AHBPrescTable                            0x08004440   Data          16  system_stm32f1xx.o(.rodata.AHBPrescTable)
    APBPrescTable                            0x08004450   Data           8  system_stm32f1xx.o(.rodata.APBPrescTable)
    Region$$Table$$Base                      0x0800493c   Number         0  anon$$obj.o(Region$$Table)
    Region$$Table$$Limit                     0x0800495c   Number         0  anon$$obj.o(Region$$Table)
    __ctype                                  0x08004969   Data           0  lc_ctype_c.o(locale$$data)
    uwTickFreq                               0x20000000   Data           1  stm32f1xx_hal.o(.data..L_MergedGlobals)
    uwTickPrio                               0x20000004   Data           4  stm32f1xx_hal.o(.data..L_MergedGlobals)
    SystemCoreClock                          0x20000008   Data           4  system_stm32f1xx.o(.data.SystemCoreClock)
    __libspace_start                         0x20000010   Data          96  libspace.o(.bss)
    __temporary_stack_top$libspace           0x20000070   Data           0  libspace.o(.bss)
    led1_on                                  0x20000070   Data           1  main.o(.bss..L_MergedGlobals)
    led2_on                                  0x20000071   Data           1  main.o(.bss..L_MergedGlobals)
    led3_on                                  0x20000072   Data           1  main.o(.bss..L_MergedGlobals)
    led1_minute                              0x20000073   Data           1  main.o(.bss..L_MergedGlobals)
    led1_duration                            0x20000074   Data           1  main.o(.bss..L_MergedGlobals)
    led2_minute                              0x20000075   Data           1  main.o(.bss..L_MergedGlobals)
    led2_duration                            0x20000076   Data           1  main.o(.bss..L_MergedGlobals)
    led3_minute                              0x20000077   Data           1  main.o(.bss..L_MergedGlobals)
    led3_duration                            0x20000078   Data           1  main.o(.bss..L_MergedGlobals)
    door_event_stage                         0x20000079   Data           1  main.o(.bss..L_MergedGlobals)
    door_sensor_enabled                      0x2000007a   Data           1  main.o(.bss..L_MergedGlobals)
    alarms_enabled                           0x2000007b   Data           1  main.o(.bss..L_MergedGlobals)
    status_sms_pending                       0x2000007c   Data           1  main.o(.bss..L_MergedGlobals)
    led1_hour                                0x2000007d   Data           1  main.o(.bss..L_MergedGlobals)
    led2_hour                                0x2000007e   Data           1  main.o(.bss..L_MergedGlobals)
    led3_hour                                0x2000007f   Data           1  main.o(.bss..L_MergedGlobals)
    led3_end_hour                            0x20000080   Data           1  main.o(.bss..L_MergedGlobals)
    led3_end_minute                          0x20000081   Data           1  main.o(.bss..L_MergedGlobals)
    led2_end_hour                            0x20000082   Data           1  main.o(.bss..L_MergedGlobals)
    led2_end_minute                          0x20000083   Data           1  main.o(.bss..L_MergedGlobals)
    led1_end_hour                            0x20000084   Data           1  main.o(.bss..L_MergedGlobals)
    led1_end_minute                          0x20000085   Data           1  main.o(.bss..L_MergedGlobals)
    sTime                                    0x20000086   Data           3  main.o(.bss..L_MergedGlobals)
    sDate                                    0x20000089   Data           4  main.o(.bss..L_MergedGlobals)
    last_door_event_time                     0x20000090   Data           4  main.o(.bss..L_MergedGlobals)
    hiwdg                                    0x20000094   Data          12  iwdg.o(.bss.hiwdg)
    hrtc                                     0x200000a0   Data          20  rtc.o(.bss.hrtc)
    huart1                                   0x200000b4   Data          72  usart.o(.bss.huart1)
    huart2                                   0x200000fc   Data          72  usart.o(.bss.huart2)
    status_sms_msg                           0x20000144   Data         160  main.o(.bss.status_sms_msg)
    uwTick                                   0x200001e4   Data           4  stm32f1xx_hal.o(.bss.uwTick)



==============================================================================

Memory Map of the image

  Image Entry point : 0x080000ed

  Load Region LR_IROM1 (Base: 0x08000000, Size: 0x00004a80, Max: 0x00008000, ABSOLUTE)

    Execution Region ER_IROM1 (Exec base: 0x08000000, Load base: 0x08000000, Size: 0x00004a6c, Max: 0x00008000, ABSOLUTE)

    Exec Addr    Load Addr    Size         Type   Attr      Idx    E Section Name        Object

    0x08000000   0x08000000   0x000000ec   Data   RO            3    RESET               startup_stm32f103x6.o
    0x080000ec   0x080000ec   0x00000008   Code   RO          803  * !!!main             c_w.l(__main.o)
    0x080000f4   0x080000f4   0x00000034   Code   RO         1007    !!!scatter          c_w.l(__scatter.o)
    0x08000128   0x08000128   0x0000001a   Code   RO         1009    !!handler_copy      c_w.l(__scatter_copy.o)
    0x08000142   0x08000142   0x00000002   PAD
    0x08000144   0x08000144   0x0000001c   Code   RO         1011    !!handler_zi        c_w.l(__scatter_zi.o)
    0x08000160   0x08000160   0x00000000   Code   RO          788    .ARM.Collect$$_printf_percent$$00000000  c_w.l(_printf_percent.o)
    0x08000160   0x08000160   0x00000006   Code   RO          786    .ARM.Collect$$_printf_percent$$00000009  c_w.l(_printf_d.o)
    0x08000166   0x08000166   0x00000006   Code   RO          787    .ARM.Collect$$_printf_percent$$0000000A  c_w.l(_printf_u.o)
    0x0800016c   0x0800016c   0x00000006   Code   RO          785    .ARM.Collect$$_printf_percent$$0000000C  c_w.l(_printf_x.o)
    0x08000172   0x08000172   0x00000006   Code   RO          784    .ARM.Collect$$_printf_percent$$00000014  c_w.l(_printf_s.o)
    0x08000178   0x08000178   0x00000004   Code   RO          818    .ARM.Collect$$_printf_percent$$00000017  c_w.l(_printf_percent_end.o)
    0x0800017c   0x0800017c   0x00000002   Code   RO          869    .ARM.Collect$$libinit$$00000000  c_w.l(libinit.o)
    0x0800017e   0x0800017e   0x00000000   Code   RO          878    .ARM.Collect$$libinit$$00000002  c_w.l(libinit2.o)
    0x0800017e   0x0800017e   0x00000000   Code   RO          880    .ARM.Collect$$libinit$$00000004  c_w.l(libinit2.o)
    0x0800017e   0x0800017e   0x00000000   Code   RO          883    .ARM.Collect$$libinit$$0000000A  c_w.l(libinit2.o)
    0x0800017e   0x0800017e   0x00000000   Code   RO          885    .ARM.Collect$$libinit$$0000000C  c_w.l(libinit2.o)
    0x0800017e   0x0800017e   0x00000000   Code   RO          887    .ARM.Collect$$libinit$$0000000E  c_w.l(libinit2.o)
    0x0800017e   0x0800017e   0x00000006   Code   RO          888    .ARM.Collect$$libinit$$0000000F  c_w.l(libinit2.o)
    0x08000184   0x08000184   0x00000000   Code   RO          890    .ARM.Collect$$libinit$$00000011  c_w.l(libinit2.o)
    0x08000184   0x08000184   0x0000000c   Code   RO          891    .ARM.Collect$$libinit$$00000012  c_w.l(libinit2.o)
    0x08000190   0x08000190   0x00000000   Code   RO          892    .ARM.Collect$$libinit$$00000013  c_w.l(libinit2.o)
    0x08000190   0x08000190   0x00000000   Code   RO          894    .ARM.Collect$$libinit$$00000015  c_w.l(libinit2.o)
    0x08000190   0x08000190   0x00000000   Code   RO          896    .ARM.Collect$$libinit$$00000017  c_w.l(libinit2.o)
    0x08000190   0x08000190   0x00000000   Code   RO          898    .ARM.Collect$$libinit$$00000019  c_w.l(libinit2.o)
    0x08000190   0x08000190   0x00000000   Code   RO          900    .ARM.Collect$$libinit$$0000001B  c_w.l(libinit2.o)
    0x08000190   0x08000190   0x00000000   Code   RO          902    .ARM.Collect$$libinit$$0000001D  c_w.l(libinit2.o)
    0x08000190   0x08000190   0x00000000   Code   RO          904    .ARM.Collect$$libinit$$0000001F  c_w.l(libinit2.o)
    0x08000190   0x08000190   0x00000000   Code   RO          906    .ARM.Collect$$libinit$$00000021  c_w.l(libinit2.o)
    0x08000190   0x08000190   0x00000000   Code   RO          908    .ARM.Collect$$libinit$$00000023  c_w.l(libinit2.o)
    0x08000190   0x08000190   0x00000000   Code   RO          910    .ARM.Collect$$libinit$$00000025  c_w.l(libinit2.o)
    0x08000190   0x08000190   0x00000000   Code   RO          914    .ARM.Collect$$libinit$$0000002C  c_w.l(libinit2.o)
    0x08000190   0x08000190   0x00000000   Code   RO          916    .ARM.Collect$$libinit$$0000002E  c_w.l(libinit2.o)
    0x08000190   0x08000190   0x00000000   Code   RO          918    .ARM.Collect$$libinit$$00000030  c_w.l(libinit2.o)
    0x08000190   0x08000190   0x00000000   Code   RO          920    .ARM.Collect$$libinit$$00000032  c_w.l(libinit2.o)
    0x08000190   0x08000190   0x00000002   Code   RO          921    .ARM.Collect$$libinit$$00000033  c_w.l(libinit2.o)
    0x08000192   0x08000192   0x00000002   Code   RO          943    .ARM.Collect$$libshutdown$$00000000  c_w.l(libshutdown.o)
    0x08000194   0x08000194   0x00000000   Code   RO          958    .ARM.Collect$$libshutdown$$00000002  c_w.l(libshutdown2.o)
    0x08000194   0x08000194   0x00000000   Code   RO          960    .ARM.Collect$$libshutdown$$00000004  c_w.l(libshutdown2.o)
    0x08000194   0x08000194   0x00000000   Code   RO          963    .ARM.Collect$$libshutdown$$00000007  c_w.l(libshutdown2.o)
    0x08000194   0x08000194   0x00000000   Code   RO          966    .ARM.Collect$$libshutdown$$0000000A  c_w.l(libshutdown2.o)
    0x08000194   0x08000194   0x00000000   Code   RO          968    .ARM.Collect$$libshutdown$$0000000C  c_w.l(libshutdown2.o)
    0x08000194   0x08000194   0x00000000   Code   RO          971    .ARM.Collect$$libshutdown$$0000000F  c_w.l(libshutdown2.o)
    0x08000194   0x08000194   0x00000002   Code   RO          972    .ARM.Collect$$libshutdown$$00000010  c_w.l(libshutdown2.o)
    0x08000196   0x08000196   0x00000000   Code   RO          805    .ARM.Collect$$rtentry$$00000000  c_w.l(__rtentry.o)
    0x08000196   0x08000196   0x00000000   Code   RO          828    .ARM.Collect$$rtentry$$00000002  c_w.l(__rtentry2.o)
    0x08000196   0x08000196   0x00000006   Code   RO          840    .ARM.Collect$$rtentry$$00000004  c_w.l(__rtentry4.o)
    0x0800019c   0x0800019c   0x00000000   Code   RO          830    .ARM.Collect$$rtentry$$00000009  c_w.l(__rtentry2.o)
    0x0800019c   0x0800019c   0x00000004   Code   RO          831    .ARM.Collect$$rtentry$$0000000A  c_w.l(__rtentry2.o)
    0x080001a0   0x080001a0   0x00000000   Code   RO          833    .ARM.Collect$$rtentry$$0000000C  c_w.l(__rtentry2.o)
    0x080001a0   0x080001a0   0x00000008   Code   RO          834    .ARM.Collect$$rtentry$$0000000D  c_w.l(__rtentry2.o)
    0x080001a8   0x080001a8   0x00000002   Code   RO          873    .ARM.Collect$$rtexit$$00000000  c_w.l(rtexit.o)
    0x080001aa   0x080001aa   0x00000000   Code   RO          923    .ARM.Collect$$rtexit$$00000002  c_w.l(rtexit2.o)
    0x080001aa   0x080001aa   0x00000004   Code   RO          924    .ARM.Collect$$rtexit$$00000003  c_w.l(rtexit2.o)
    0x080001ae   0x080001ae   0x00000006   Code   RO          925    .ARM.Collect$$rtexit$$00000004  c_w.l(rtexit2.o)
    0x080001b4   0x080001b4   0x00000040   Code   RO            4    .text               startup_stm32f103x6.o
    0x080001f4   0x080001f4   0x0000002c   Code   RO          727    .text               c_w.l(__2sprintf.o)
    0x08000220   0x08000220   0x00000038   Code   RO          729    .text               c_w.l(__2snprintf.o)
    0x08000258   0x08000258   0x0000004e   Code   RO          737    .text               c_w.l(_printf_pad.o)
    0x080002a6   0x080002a6   0x00000052   Code   RO          739    .text               c_w.l(_printf_str.o)
    0x080002f8   0x080002f8   0x00000078   Code   RO          741    .text               c_w.l(_printf_dec.o)
    0x08000370   0x08000370   0x00000058   Code   RO          746    .text               c_w.l(_printf_hex_int.o)
    0x080003c8   0x080003c8   0x00000138   Code   RO          776    .text               c_w.l(__printf_flags_wp.o)
    0x08000500   0x08000500   0x0000003c   Code   RO          789    .text               c_w.l(__0sscanf.o)
    0x0800053c   0x0800053c   0x0000014c   Code   RO          791    .text               c_w.l(_scanf_int.o)
    0x08000688   0x08000688   0x00000024   Code   RO          793    .text               c_w.l(strstr.o)
    0x080006ac   0x080006ac   0x00000032   Code   RO          795    .text               c_w.l(strncasecmp.o)
    0x080006de   0x080006de   0x0000003e   Code   RO          797    .text               c_w.l(strlen.o)
    0x0800071c   0x0800071c   0x00000056   Code   RO          799    .text               c_w.l(strncpy.o)
    0x08000772   0x08000772   0x00000006   Code   RO          801    .text               c_w.l(heapauxi.o)
    0x08000778   0x08000778   0x0000001a   Code   RO          806    .text               c_w.l(tolower.o)
    0x08000792   0x08000792   0x000000b2   Code   RO          808    .text               c_w.l(_printf_intcommon.o)
    0x08000844   0x08000844   0x00000030   Code   RO          810    .text               c_w.l(_printf_char_common.o)
    0x08000874   0x08000874   0x0000000a   Code   RO          812    .text               c_w.l(_sputc.o)
    0x0800087e   0x0800087e   0x00000010   Code   RO          814    .text               c_w.l(_snputc.o)
    0x0800088e   0x0800088e   0x0000002c   Code   RO          816    .text               c_w.l(_printf_char.o)
    0x080008ba   0x080008ba   0x0000001c   Code   RO          819    .text               c_w.l(_chval.o)
    0x080008d6   0x080008d6   0x00000002   PAD
    0x080008d8   0x080008d8   0x0000002c   Code   RO          821    .text               c_w.l(scanf_char.o)
    0x08000904   0x08000904   0x00000040   Code   RO          823    .text               c_w.l(_sgetc.o)
    0x08000944   0x08000944   0x00000044   Code   RO          825    .text               c_w.l(rt_memclr.o)
    0x08000988   0x08000988   0x00000010   Code   RO          842    .text               c_w.l(rt_ctype_table.o)
    0x08000998   0x08000998   0x00000012   Code   RO          844    .text               c_w.l(isspace.o)
    0x080009aa   0x080009aa   0x00000002   PAD
    0x080009ac   0x080009ac   0x00000374   Code   RO          848    .text               c_w.l(_scanf.o)
    0x08000d20   0x08000d20   0x0000004e   Code   RO          850    .text               c_w.l(rt_memclr_w.o)
    0x08000d6e   0x08000d6e   0x0000004a   Code   RO          852    .text               c_w.l(sys_stackheap_outer.o)
    0x08000db8   0x08000db8   0x00000008   Code   RO          857    .text               c_w.l(rt_locale_intlibspace.o)
    0x08000dc0   0x08000dc0   0x00000012   Code   RO          862    .text               c_w.l(exit.o)
    0x08000dd2   0x08000dd2   0x00000002   PAD
    0x08000dd4   0x08000dd4   0x00000008   Code   RO          870    .text               c_w.l(libspace.o)
    0x08000ddc   0x08000ddc   0x00000080   Code   RO          875    .text               c_w.l(strcmpv7m.o)
    0x08000e5c   0x08000e5c   0x0000000c   Code   RO          933    .text               c_w.l(sys_exit.o)
    0x08000e68   0x08000e68   0x00000002   Code   RO          948    .text               c_w.l(use_no_semi.o)
    0x08000e6a   0x08000e6a   0x00000000   Code   RO          950    .text               c_w.l(indicate_semi.o)
    0x08000e6a   0x08000e6a   0x00000002   PAD
    0x08000e6c   0x08000e6c   0x00000002   Code   RO          122    .text.BusFault_Handler  stm32f1xx_it.o
    0x08000e6e   0x08000e6e   0x00000002   PAD
    0x08000e70   0x08000e70   0x00000002   Code   RO          128    .text.DebugMon_Handler  stm32f1xx_it.o
    0x08000e72   0x08000e72   0x00000002   PAD
    0x08000e74   0x08000e74   0x00000048   Code   RO           35    .text.Error_Handler  main.o
    0x08000ebc   0x08000ebc   0x00000028   Code   RO          200    .text.HAL_Delay     stm32f1xx_hal.o
    0x08000ee4   0x08000ee4   0x00000202   Code   RO          292    .text.HAL_GPIO_Init  stm32f1xx_hal_gpio.o
    0x080010e6   0x080010e6   0x00000002   PAD
    0x080010e8   0x080010e8   0x0000000a   Code   RO          296    .text.HAL_GPIO_ReadPin  stm32f1xx_hal_gpio.o
    0x080010f2   0x080010f2   0x00000002   PAD
    0x080010f4   0x080010f4   0x00000010   Code   RO          300    .text.HAL_GPIO_TogglePin  stm32f1xx_hal_gpio.o
    0x08001104   0x08001104   0x0000000a   Code   RO          298    .text.HAL_GPIO_WritePin  stm32f1xx_hal_gpio.o
    0x0800110e   0x0800110e   0x00000002   PAD
    0x08001110   0x08001110   0x0000000c   Code   RO          192    .text.HAL_GetTick   stm32f1xx_hal.o
    0x0800111c   0x0800111c   0x0000005c   Code   RO          168    .text.HAL_IWDG_Init  stm32f1xx_hal_iwdg.o
    0x08001178   0x08001178   0x0000000c   Code   RO          170    .text.HAL_IWDG_Refresh  stm32f1xx_hal_iwdg.o
    0x08001184   0x08001184   0x0000001a   Code   RO          190    .text.HAL_IncTick   stm32f1xx_hal.o
    0x0800119e   0x0800119e   0x00000002   PAD
    0x080011a0   0x080011a0   0x00000026   Code   RO          180    .text.HAL_Init      stm32f1xx_hal.o
    0x080011c6   0x080011c6   0x00000002   PAD
    0x080011c8   0x080011c8   0x00000048   Code   RO          182    .text.HAL_InitTick  stm32f1xx_hal.o
    0x08001210   0x08001210   0x00000042   Code   RO          145    .text.HAL_MspInit   stm32f1xx_hal_msp.o
    0x08001252   0x08001252   0x00000002   PAD
    0x08001254   0x08001254   0x00000020   Code   RO          352    .text.HAL_NVIC_EnableIRQ  stm32f1xx_hal_cortex.o
    0x08001274   0x08001274   0x00000056   Code   RO          350    .text.HAL_NVIC_SetPriority  stm32f1xx_hal_cortex.o
    0x080012ca   0x080012ca   0x00000002   PAD
    0x080012cc   0x080012cc   0x00000020   Code   RO          348    .text.HAL_NVIC_SetPriorityGrouping  stm32f1xx_hal_cortex.o
    0x080012ec   0x080012ec   0x0000000c   Code   RO          390    .text.HAL_PWR_EnableBkUpAccess  stm32f1xx_hal_pwr.o
    0x080012f8   0x080012f8   0x000000f0   Code   RO          282    .text.HAL_RCCEx_GetPeriphCLKFreq  stm32f1xx_hal_rcc_ex.o
    0x080013e8   0x080013e8   0x0000010a   Code   RO          278    .text.HAL_RCCEx_PeriphCLKConfig  stm32f1xx_hal_rcc_ex.o
    0x080014f2   0x080014f2   0x00000002   PAD
    0x080014f4   0x080014f4   0x000001be   Code   RO          244    .text.HAL_RCC_ClockConfig  stm32f1xx_hal_rcc.o
    0x080016b2   0x080016b2   0x00000002   PAD
    0x080016b4   0x080016b4   0x00000026   Code   RO          256    .text.HAL_RCC_GetPCLK1Freq  stm32f1xx_hal_rcc.o
    0x080016da   0x080016da   0x00000002   PAD
    0x080016dc   0x080016dc   0x00000026   Code   RO          258    .text.HAL_RCC_GetPCLK2Freq  stm32f1xx_hal_rcc.o
    0x08001702   0x08001702   0x00000002   PAD
    0x08001704   0x08001704   0x000003b4   Code   RO          242    .text.HAL_RCC_OscConfig  stm32f1xx_hal_rcc.o
    0x08001ab8   0x08001ab8   0x00000010   Code   RO          579    .text.HAL_RTCEx_BKUPRead  stm32f1xx_hal_rtc_ex.o
    0x08001ac8   0x08001ac8   0x00000010   Code   RO          577    .text.HAL_RTCEx_BKUPWrite  stm32f1xx_hal_rtc_ex.o
    0x08001ad8   0x08001ad8   0x00000002   Code   RO          575    .text.HAL_RTCEx_RTCEventCallback  stm32f1xx_hal_rtc_ex.o
    0x08001ada   0x08001ada   0x00000002   PAD
    0x08001adc   0x08001adc   0x00000002   Code   RO          573    .text.HAL_RTCEx_RTCEventErrorCallback  stm32f1xx_hal_rtc_ex.o
    0x08001ade   0x08001ade   0x00000002   PAD
    0x08001ae0   0x08001ae0   0x00000050   Code   RO          571    .text.HAL_RTCEx_RTCIRQHandler  stm32f1xx_hal_rtc_ex.o
    0x08001b30   0x08001b30   0x00000002   Code   RO          541    .text.HAL_RTC_AlarmAEventCallback  stm32f1xx_hal_rtc.o
    0x08001b32   0x08001b32   0x00000002   PAD
    0x08001b34   0x08001b34   0x0000003a   Code   RO          539    .text.HAL_RTC_AlarmIRQHandler  stm32f1xx_hal_rtc.o
    0x08001b6e   0x08001b6e   0x00000002   PAD
    0x08001b70   0x08001b70   0x000000d8   Code   RO          529    .text.HAL_RTC_GetDate  stm32f1xx_hal_rtc.o
    0x08001c48   0x08001c48   0x0000056e   Code   RO          525    .text.HAL_RTC_GetTime  stm32f1xx_hal_rtc.o
    0x080021b6   0x080021b6   0x00000002   PAD
    0x080021b8   0x080021b8   0x000000f4   Code   RO          513    .text.HAL_RTC_Init  stm32f1xx_hal_rtc.o
    0x080022ac   0x080022ac   0x00000066   Code   RO           82    .text.HAL_RTC_MspInit  rtc.o
    0x08002312   0x08002312   0x00000002   PAD
    0x08002314   0x08002314   0x00000212   Code   RO          527    .text.HAL_RTC_SetDate  stm32f1xx_hal_rtc.o
    0x08002526   0x08002526   0x00000002   PAD
    0x08002528   0x08002528   0x0000015e   Code   RO          523    .text.HAL_RTC_SetTime  stm32f1xx_hal_rtc.o
    0x08002686   0x08002686   0x00000002   PAD
    0x08002688   0x08002688   0x0000002c   Code   RO          360    .text.HAL_SYSTICK_Config  stm32f1xx_hal_cortex.o
    0x080026b4   0x080026b4   0x000000de   Code   RO          591    .text.HAL_UART_Init  stm32f1xx_hal_uart.o
    0x08002792   0x08002792   0x00000002   PAD
    0x08002794   0x08002794   0x000000d2   Code   RO          102    .text.HAL_UART_MspInit  usart.o
    0x08002866   0x08002866   0x00000002   PAD
    0x08002868   0x08002868   0x00000256   Code   RO          607    .text.HAL_UART_Receive  stm32f1xx_hal_uart.o
    0x08002abe   0x08002abe   0x00000002   PAD
    0x08002ac0   0x08002ac0   0x00000184   Code   RO          605    .text.HAL_UART_Transmit  stm32f1xx_hal_uart.o
    0x08002c44   0x08002c44   0x00000002   Code   RO          118    .text.HardFault_Handler  stm32f1xx_it.o
    0x08002c46   0x08002c46   0x00000002   PAD
    0x08002c48   0x08002c48   0x0000009a   Code   RO           60    .text.MX_GPIO_Init  gpio.o
    0x08002ce2   0x08002ce2   0x00000002   PAD
    0x08002ce4   0x08002ce4   0x0000002e   Code   RO           69    .text.MX_IWDG_Init  iwdg.o
    0x08002d12   0x08002d12   0x00000002   PAD
    0x08002d14   0x08002d14   0x000002f4   Code   RO           78    .text.MX_RTC_Init   rtc.o
    0x08003008   0x08003008   0x0000003c   Code   RO           98    .text.MX_USART1_UART_Init  usart.o
    0x08003044   0x08003044   0x0000003c   Code   RO          100    .text.MX_USART2_UART_Init  usart.o
    0x08003080   0x08003080   0x00000002   Code   RO          120    .text.MemManage_Handler  stm32f1xx_it.o
    0x08003082   0x08003082   0x00000002   PAD
    0x08003084   0x08003084   0x00000002   Code   RO          116    .text.NMI_Handler   stm32f1xx_it.o
    0x08003086   0x08003086   0x00000002   PAD
    0x08003088   0x08003088   0x00000002   Code   RO          130    .text.PendSV_Handler  stm32f1xx_it.o
    0x0800308a   0x0800308a   0x00000002   PAD
    0x0800308c   0x0800308c   0x0000000c   Code   RO          136    .text.RTC_Alarm_IRQHandler  stm32f1xx_it.o
    0x08003098   0x08003098   0x0000001a   Code   RO          134    .text.RTC_IRQHandler  stm32f1xx_it.o
    0x080030b2   0x080030b2   0x00000002   PAD
    0x080030b4   0x080030b4   0x00000002   Code   RO          126    .text.SVC_Handler   stm32f1xx_it.o
    0x080030b6   0x080030b6   0x00000002   PAD
    0x080030b8   0x080030b8   0x00000004   Code   RO          132    .text.SysTick_Handler  stm32f1xx_it.o
    0x080030bc   0x080030bc   0x00000078   Code   RO           33    .text.SystemClock_Config  main.o
    0x08003134   0x08003134   0x00000002   Code   RO          711    .text.SystemInit    system_stm32f1xx.o
    0x08003136   0x08003136   0x00000002   PAD
    0x08003138   0x08003138   0x00000002   Code   RO          124    .text.UsageFault_Handler  stm32f1xx_it.o
    0x0800313a   0x0800313a   0x00000002   PAD
    0x0800313c   0x0800313c   0x0000002a   Code   RO           27    .text.__NVIC_SystemReset  main.o
    0x08003166   0x08003166   0x00000002   PAD
    0x08003168   0x08003168   0x000000d0   Code   RO           21    .text.load_settings_from_backup  main.o
    0x08003238   0x08003238   0x000006dc   Code   RO           31    .text.main          main.o
    0x08003914   0x08003914   0x00000082   Code   RO           19    .text.save_settings_to_backup  main.o
    0x08003996   0x08003996   0x00000002   PAD
    0x08003998   0x08003998   0x000007ec   Code   RO           23    .text.sim800_check_sms  main.o
    0x08004184   0x08004184   0x00000130   Code   RO           15    .text.sim800_receive_response  main.o
    0x080042b4   0x080042b4   0x000000d8   Code   RO           25    .text.sim800_send_sms1  main.o
    0x0800438c   0x0800438c   0x0000001e   Code   RO           11    .text.uart1_send_str  main.o
    0x080043aa   0x080043aa   0x0000000e   Code   RO          774    i._is_digit         c_w.l(__printf_wp.o)
    0x080043b8   0x080043b8   0x0000002c   Code   RO          860    locale$$code        c_w.l(lc_ctype_c.o)
    0x080043e4   0x080043e4   0x00000028   Data   RO          747    .constdata          c_w.l(_printf_hex_int.o)
    0x0800440c   0x0800440c   0x00000011   Data   RO          777    .constdata          c_w.l(__printf_flags_wp.o)
    0x0800441d   0x0800441d   0x00000003   PAD
    0x08004420   0x08004420   0x00000020   Data   RO           48    .rodata..L__const.main.weekdays  main.o
    0x08004440   0x08004440   0x00000010   Data   RO          716    .rodata.AHBPrescTable  system_stm32f1xx.o
    0x08004450   0x08004450   0x00000008   Data   RO          717    .rodata.APBPrescTable  system_stm32f1xx.o
    0x08004458   0x08004458   0x00000002   Data   RO          269    .rodata.HAL_RCC_GetSysClockFreq.aPredivFactorTable  stm32f1xx_hal_rcc.o
    0x0800445a   0x0800445a   0x00000010   Data   RO          268    .rodata.cst16       stm32f1xx_hal_rcc.o
    0x0800446a   0x0800446a   0x00000439   Data   RO           46    .rodata.str1.1      main.o
    0x080048a3   0x080048a3   0x00000099   Data   RO           87    .rodata.str1.1      rtc.o
    0x0800493c   0x0800493c   0x00000020   Data   RO         1006    Region$$Table       anon$$obj.o
    0x0800495c   0x0800495c   0x00000110   Data   RO          859    locale$$data        c_w.l(lc_ctype_c.o)


    Execution Region RW_IRAM1 (Exec base: 0x20000000, Load base: 0x08004a70, Size: 0x000007e8, Max: 0x00002800, ABSOLUTE)

    Exec Addr    Load Addr    Size         Type   Attr      Idx    E Section Name        Object

    0x20000000   0x08004a70   0x00000008   Data   RW          231    .data..L_MergedGlobals  stm32f1xx_hal.o
    0x20000008   0x08004a78   0x00000004   Data   RW          715    .data.SystemCoreClock  system_stm32f1xx.o
    0x2000000c   0x08004a7c   0x00000004   PAD
    0x20000010        -       0x00000060   Zero   RW          871    .bss                c_w.l(libspace.o)
    0x20000070        -       0x00000024   Zero   RW           51    .bss..L_MergedGlobals  main.o
    0x20000094        -       0x0000000c   Zero   RW           71    .bss.hiwdg          iwdg.o
    0x200000a0        -       0x00000014   Zero   RW           86    .bss.hrtc           rtc.o
    0x200000b4        -       0x00000048   Zero   RW          106    .bss.huart1         usart.o
    0x200000fc        -       0x00000048   Zero   RW          107    .bss.huart2         usart.o
    0x20000144        -       0x000000a0   Zero   RW           47    .bss.status_sms_msg  main.o
    0x200001e4        -       0x00000004   Zero   RW          230    .bss.uwTick         stm32f1xx_hal.o
    0x200001e8        -       0x00000200   Zero   RW            2    HEAP                startup_stm32f103x6.o
    0x200003e8        -       0x00000400   Zero   RW            1    STACK               startup_stm32f103x6.o


==============================================================================

Image component sizes


      Code (inc. data)   RO Data    RW Data    ZI Data      Debug   Object Name

       154          0          0          0          0       1560   gpio.o
        46          0          0          0         12       1208   iwdg.o
      4906        452       1113          0        196      15198   main.o
       858        140        153          0         20       5225   rtc.o
        64         26        236          0       1536        788   startup_stm32f103x6.o
       188          0          0          8          4       5641   stm32f1xx_hal.o
       194          0          0          0          0       8452   stm32f1xx_hal_cortex.o
       550         20          0          0          0       4810   stm32f1xx_hal_gpio.o
       104          0          0          0          0       1636   stm32f1xx_hal_iwdg.o
        66          0          0          0          0       1183   stm32f1xx_hal_msp.o
        12          0          0          0          0       4183   stm32f1xx_hal_pwr.o
      1470          0         18          0          0       7638   stm32f1xx_hal_rcc.o
       506         20          0          0          0       3530   stm32f1xx_hal_rcc_ex.o
      2790          0          0          0          0      19534   stm32f1xx_hal_rtc.o
       116          0          0          0          0       5562   stm32f1xx_hal_rtc_ex.o
      1208          0          0          0          0      32666   stm32f1xx_hal_uart.o
        58          0          0          0          0       2415   stm32f1xx_it.o
         2          0         24          4          0       1609   system_stm32f1xx.o
       330          0          0          0        144       4891   usart.o

    ----------------------------------------------------------------------
     13694        658       1576         12       1916     127729   Object Totals
         0          0         32          0          0          0   (incl. Generated)
        72          0          0          0          4          0   (incl. Padding)

    ----------------------------------------------------------------------

      Code (inc. data)   RO Data    RW Data    ZI Data      Debug   Library Member Name

        60          8          0          0          0         84   __0sscanf.o
        56          6          0          0          0         88   __2snprintf.o
        44          6          0          0          0         84   __2sprintf.o
         8          0          0          0          0         68   __main.o
       312          4         17          0          0         92   __printf_flags_wp.o
        14          0          0          0          0         68   __printf_wp.o
         0          0          0          0          0          0   __rtentry.o
        12          0          0          0          0          0   __rtentry2.o
         6          0          0          0          0          0   __rtentry4.o
        52          8          0          0          0          0   __scatter.o
        26          0          0          0          0          0   __scatter_copy.o
        28          0          0          0          0          0   __scatter_zi.o
        28          0          0          0          0         68   _chval.o
        44          0          0          0          0        108   _printf_char.o
        48          6          0          0          0         96   _printf_char_common.o
         6          0          0          0          0          0   _printf_d.o
       120         16          0          0          0         92   _printf_dec.o
        88          4         40          0          0         88   _printf_hex_int.o
       178          0          0          0          0         88   _printf_intcommon.o
        78          0          0          0          0        108   _printf_pad.o
         0          0          0          0          0          0   _printf_percent.o
         4          0          0          0          0          0   _printf_percent_end.o
         6          0          0          0          0          0   _printf_s.o
        82          0          0          0          0         80   _printf_str.o
         6          0          0          0          0          0   _printf_u.o
         6          0          0          0          0          0   _printf_x.o
       884          6          0          0          0        100   _scanf.o
       332          0          0          0          0         96   _scanf_int.o
        64          0          0          0          0         84   _sgetc.o
        16          0          0          0          0         68   _snputc.o
        10          0          0          0          0         68   _sputc.o
        18          0          0          0          0         80   exit.o
         6          0          0          0          0        152   heapauxi.o
         0          0          0          0          0          0   indicate_semi.o
        18          0          0          0          0         76   isspace.o
        44         10        272          0          0         76   lc_ctype_c.o
         2          0          0          0          0          0   libinit.o
        20          0          0          0          0          0   libinit2.o
         2          0          0          0          0          0   libshutdown.o
         2          0          0          0          0          0   libshutdown2.o
         8          4          0          0         96         68   libspace.o
        16          4          0          0          0         76   rt_ctype_table.o
         8          4          0          0          0         68   rt_locale_intlibspace.o
        68          0          0          0          0         68   rt_memclr.o
        78          0          0          0          0         80   rt_memclr_w.o
         2          0          0          0          0          0   rtexit.o
        10          0          0          0          0          0   rtexit2.o
        44          8          0          0          0         84   scanf_char.o
       128          0          0          0          0         68   strcmpv7m.o
        62          0          0          0          0         76   strlen.o
        50          0          0          0          0         84   strncasecmp.o
        86          0          0          0          0         76   strncpy.o
        36          0          0          0          0         80   strstr.o
        12          4          0          0          0         68   sys_exit.o
        74          0          0          0          0         80   sys_stackheap_outer.o
        26          0          0          0          0         76   tolower.o
         2          0          0          0          0         68   use_no_semi.o

    ----------------------------------------------------------------------
      3450         98        332          0         96       3132   Library Totals
        10          0          3          0          0          0   (incl. Padding)

    ----------------------------------------------------------------------

      Code (inc. data)   RO Data    RW Data    ZI Data      Debug   Library Name

      3440         98        329          0         96       3132   c_w.l

    ----------------------------------------------------------------------
      3450         98        332          0         96       3132   Library Totals

    ----------------------------------------------------------------------

==============================================================================


      Code (inc. data)   RO Data    RW Data    ZI Data      Debug   

     17144        756       1908         12       2012     128801   Grand Totals
     17144        756       1908         12       2012     128801   ELF Image Totals
     17144        756       1908         12          0          0   ROM Totals

==============================================================================

    Total RO  Size (Code + RO Data)                19052 (  18.61kB)
    Total RW  Size (RW Data + ZI Data)              2024 (   1.98kB)
    Total ROM Size (Code + RO Data + RW Data)      19064 (  18.62kB)

==============================================================================

